../Core/Src/bno055.c:91:29:bno055_init	32	static
../Core/Src/bno055.c:187:29:bno055_write_register	32	static
../Core/Src/bno055.c:222:29:bno055_read_register	32	static
../Core/Src/bno055.c:253:29:bno055_read_chip_id	32	static
../Core/Src/bno055.c:305:29:bno055_read_sw_rev_id	32	static
../Core/Src/bno055.c:369:29:bno055_read_page_id	32	static
../Core/Src/bno055.c:418:29:bno055_write_page_id	32	static
../Core/Src/bno055.c:474:29:bno055_read_accel_rev_id	32	static
../Core/Src/bno055.c:526:29:bno055_read_mag_rev_id	32	static
../Core/Src/bno055.c:580:29:bno055_read_gyro_rev_id	32	static
../Core/Src/bno055.c:633:29:bno055_read_bl_rev_id	32	static
../Core/Src/bno055.c:690:29:bno055_read_accel_x	32	static
../Core/Src/bno055.c:756:29:bno055_read_accel_y	32	static
../Core/Src/bno055.c:824:29:bno055_read_accel_z	32	static
../Core/Src/bno055.c:895:29:bno055_read_accel_xyz	32	static
../Core/Src/bno055.c:989:29:bno055_read_mag_x	32	static
../Core/Src/bno055.c:1057:29:bno055_read_mag_y	32	static
../Core/Src/bno055.c:1126:29:bno055_read_mag_z	32	static
../Core/Src/bno055.c:1198:29:bno055_read_mag_xyz	32	static
../Core/Src/bno055.c:1292:29:bno055_read_gyro_x	32	static
../Core/Src/bno055.c:1355:29:bno055_read_gyro_y	32	static
../Core/Src/bno055.c:1413:29:bno055_read_gyro_z	32	static
../Core/Src/bno055.c:1479:29:bno055_read_gyro_xyz	32	static
../Core/Src/bno055.c:1567:29:bno055_read_euler_h	32	static
../Core/Src/bno055.c:1629:29:bno055_read_euler_r	32	static
../Core/Src/bno055.c:1692:29:bno055_read_euler_p	32	static
../Core/Src/bno055.c:1762:29:bno055_read_euler_hrp	32	static
../Core/Src/bno055.c:1857:29:bno055_read_quaternion_w	32	static
../Core/Src/bno055.c:1921:29:bno055_read_quaternion_x	32	static
../Core/Src/bno055.c:1985:29:bno055_read_quaternion_y	32	static
../Core/Src/bno055.c:2049:29:bno055_read_quaternion_z	32	static
../Core/Src/bno055.c:2122:29:bno055_read_quaternion_wxyz	40	static
../Core/Src/bno055.c:2232:29:bno055_read_linear_accel_x	32	static
../Core/Src/bno055.c:2296:29:bno055_read_linear_accel_y	32	static
../Core/Src/bno055.c:2360:29:bno055_read_linear_accel_z	32	static
../Core/Src/bno055.c:2430:29:bno055_read_linear_accel_xyz	32	static
../Core/Src/bno055.c:2520:29:bno055_read_gravity_x	32	static
../Core/Src/bno055.c:2584:29:bno055_read_gravity_y	32	static
../Core/Src/bno055.c:2648:29:bno055_read_gravity_z	32	static
../Core/Src/bno055.c:2719:29:bno055_read_gravity_xyz	32	static
../Core/Src/bno055.c:2809:29:bno055_read_temp_data	32	static
../Core/Src/bno055.c:2864:29:bno055_convert_float_accel_x_msq	32	static
../Core/Src/bno055.c:2919:29:bno055_convert_float_accel_x_mg	32	static
../Core/Src/bno055.c:2972:29:bno055_convert_float_accel_y_msq	32	static
../Core/Src/bno055.c:3024:29:bno055_convert_float_accel_y_mg	32	static
../Core/Src/bno055.c:3077:29:bno055_convert_float_accel_z_msq	32	static
../Core/Src/bno055.c:3131:29:bno055_convert_float_accel_z_mg	32	static
../Core/Src/bno055.c:3188:29:bno055_convert_float_accel_xyz_msq	32	static
../Core/Src/bno055.c:3246:29:bno055_convert_float_accel_xyz_mg	32	static
../Core/Src/bno055.c:3299:29:bno055_convert_float_mag_x_uT	32	static
../Core/Src/bno055.c:3336:29:bno055_convert_float_mag_y_uT	32	static
../Core/Src/bno055.c:3373:29:bno055_convert_float_mag_z_uT	32	static
../Core/Src/bno055.c:3415:29:bno055_convert_float_mag_xyz_uT	24	static
../Core/Src/bno055.c:3451:29:bno055_convert_float_gyro_x_dps	32	static
../Core/Src/bno055.c:3503:29:bno055_convert_float_gyro_x_rps	32	static
../Core/Src/bno055.c:3555:29:bno055_convert_float_gyro_y_dps	32	static
../Core/Src/bno055.c:3608:29:bno055_convert_float_gyro_y_rps	32	static
../Core/Src/bno055.c:3660:29:bno055_convert_float_gyro_z_dps	32	static
../Core/Src/bno055.c:3712:29:bno055_convert_float_gyro_z_rps	32	static
../Core/Src/bno055.c:3770:29:bno055_convert_float_gyro_xyz_dps	32	static
../Core/Src/bno055.c:3828:29:bno055_convert_float_gyro_xyz_rps	32	static
../Core/Src/bno055.c:3879:29:bno055_convert_float_euler_h_deg	32	static
../Core/Src/bno055.c:3930:29:bno055_convert_float_euler_h_rad	32	static
../Core/Src/bno055.c:3978:29:bno055_convert_float_euler_r_deg	32	static
../Core/Src/bno055.c:4026:29:bno055_convert_float_euler_r_rad	32	static
../Core/Src/bno055.c:4074:29:bno055_convert_float_euler_p_deg	32	static
../Core/Src/bno055.c:4123:29:bno055_convert_float_euler_p_rad	32	static
../Core/Src/bno055.c:4178:29:bno055_convert_float_euler_hpr_deg	32	static
../Core/Src/bno055.c:4235:29:bno055_convert_float_euler_hpr_rad	32	static
../Core/Src/bno055.c:4284:29:bno055_convert_float_linear_accel_x_msq	32	static
../Core/Src/bno055.c:4318:29:bno055_convert_float_linear_accel_y_msq	32	static
../Core/Src/bno055.c:4351:29:bno055_convert_float_linear_accel_z_msq	32	static
../Core/Src/bno055.c:4392:29:bno055_convert_float_linear_accel_xyz_msq	24	static
../Core/Src/bno055.c:4428:29:bno055_convert_gravity_float_x_msq	32	static
../Core/Src/bno055.c:4462:29:bno055_convert_gravity_float_y_msq	32	static
../Core/Src/bno055.c:4495:29:bno055_convert_gravity_float_z_msq	32	static
../Core/Src/bno055.c:4536:29:bno055_convert_float_gravity_xyz_msq	24	static
../Core/Src/bno055.c:4572:29:bno055_convert_float_temp_fahrenheit	32	static
../Core/Src/bno055.c:4624:29:bno055_convert_float_temp_celsius	32	static
../Core/Src/bno055.c:4679:29:bno055_convert_double_accel_x_msq	40	static
../Core/Src/bno055.c:4733:29:bno055_convert_double_accel_x_mg	40	static
../Core/Src/bno055.c:4787:29:bno055_convert_double_accel_y_msq	40	static
../Core/Src/bno055.c:4840:29:bno055_convert_double_accel_y_mg	40	static
../Core/Src/bno055.c:4891:29:bno055_convert_double_accel_z_msq	40	static
../Core/Src/bno055.c:4943:29:bno055_convert_double_accel_z_mg	40	static
../Core/Src/bno055.c:5001:29:bno055_convert_double_accel_xyz_msq	32	static
../Core/Src/bno055.c:5058:29:bno055_convert_double_accel_xyz_mg	32	static
../Core/Src/bno055.c:5112:29:bno055_convert_double_mag_x_uT	40	static
../Core/Src/bno055.c:5150:29:bno055_convert_double_mag_y_uT	40	static
../Core/Src/bno055.c:5188:29:bno055_convert_double_mag_z_uT	40	static
../Core/Src/bno055.c:5230:29:bno055_convert_double_mag_xyz_uT	24	static
../Core/Src/bno055.c:5268:29:bno055_convert_double_gyro_x_dps	40	static
../Core/Src/bno055.c:5321:29:bno055_convert_double_gyro_x_rps	40	static
../Core/Src/bno055.c:5374:29:bno055_convert_double_gyro_y_dps	40	static
../Core/Src/bno055.c:5427:29:bno055_convert_double_gyro_y_rps	40	static
../Core/Src/bno055.c:5480:29:bno055_convert_double_gyro_z_dps	40	static
../Core/Src/bno055.c:5533:29:bno055_convert_double_gyro_z_rps	40	static
../Core/Src/bno055.c:5590:29:bno055_convert_double_gyro_xyz_dps	32	static
../Core/Src/bno055.c:5647:29:bno055_convert_double_gyro_xyz_rps	32	static
../Core/Src/bno055.c:5698:29:bno055_convert_double_euler_h_deg	40	static
../Core/Src/bno055.c:5747:29:bno055_convert_double_euler_h_rad	40	static
../Core/Src/bno055.c:5796:29:bno055_convert_double_euler_r_deg	40	static
../Core/Src/bno055.c:5845:29:bno055_convert_double_euler_r_rad	40	static
../Core/Src/bno055.c:5894:29:bno055_convert_double_euler_p_deg	40	static
../Core/Src/bno055.c:5943:29:bno055_convert_double_euler_p_rad	40	static
../Core/Src/bno055.c:5998:29:bno055_convert_double_euler_hpr_deg	32	static
../Core/Src/bno055.c:6055:29:bno055_convert_double_euler_hpr_rad	32	static
../Core/Src/bno055.c:6107:29:bno055_convert_double_linear_accel_x_msq	40	static
../Core/Src/bno055.c:6142:29:bno055_convert_double_linear_accel_y_msq	40	static
../Core/Src/bno055.c:6177:29:bno055_convert_double_linear_accel_z_msq	40	static
../Core/Src/bno055.c:6217:29:bno055_convert_double_linear_accel_xyz_msq	24	static
../Core/Src/bno055.c:6254:29:bno055_convert_gravity_double_x_msq	40	static
../Core/Src/bno055.c:6288:29:bno055_convert_gravity_double_y_msq	40	static
../Core/Src/bno055.c:6322:29:bno055_convert_gravity_double_z_msq	40	static
../Core/Src/bno055.c:6362:29:bno055_convert_double_gravity_xyz_msq	24	static
../Core/Src/bno055.c:6398:29:bno055_convert_double_temp_fahrenheit	40	static
../Core/Src/bno055.c:6447:29:bno055_convert_double_temp_celsius	40	static
../Core/Src/bno055.c:6497:29:bno055_get_mag_calib_stat	32	static
../Core/Src/bno055.c:6549:29:bno055_get_accel_calib_stat	32	static
../Core/Src/bno055.c:6601:29:bno055_get_gyro_calib_stat	32	static
../Core/Src/bno055.c:6653:29:bno055_get_sys_calib_stat	32	static
../Core/Src/bno055.c:6709:29:bno055_get_selftest_accel	32	static
../Core/Src/bno055.c:6765:29:bno055_get_selftest_mag	32	static
../Core/Src/bno055.c:6821:29:bno055_get_selftest_gyro	32	static
../Core/Src/bno055.c:6877:29:bno055_get_selftest_mcu	32	static
../Core/Src/bno055.c:6940:29:bno055_get_intr_stat_gyro_any_motion	32	static
../Core/Src/bno055.c:7002:29:bno055_get_intr_stat_gyro_highrate	32	static
../Core/Src/bno055.c:7065:29:bno055_get_intr_stat_accel_high_g	32	static
../Core/Src/bno055.c:7127:29:bno055_get_intr_stat_accel_any_motion	32	static
../Core/Src/bno055.c:7190:29:bno055_get_intr_stat_accel_no_motion	32	static
../Core/Src/bno055.c:7244:29:bno055_get_stat_main_clk	32	static
../Core/Src/bno055.c:7296:29:bno055_get_sys_stat_code	32	static
../Core/Src/bno055.c:7349:29:bno055_get_sys_error_code	32	static
../Core/Src/bno055.c:7405:29:bno055_get_accel_unit	32	static
../Core/Src/bno055.c:7462:29:bno055_set_accel_unit	32	static
../Core/Src/bno055.c:7539:29:bno055_get_gyro_unit	32	static
../Core/Src/bno055.c:7596:29:bno055_set_gyro_unit	32	static
../Core/Src/bno055.c:7673:29:bno055_get_euler_unit	32	static
../Core/Src/bno055.c:7730:29:bno055_set_euler_unit	32	static
../Core/Src/bno055.c:7807:29:bno055_get_tilt_unit	32	static
../Core/Src/bno055.c:7867:29:bno055_set_tilt_unit	32	static
../Core/Src/bno055.c:7942:29:bno055_get_temp_unit	32	static
../Core/Src/bno055.c:7999:29:bno055_set_temp_unit	32	static
../Core/Src/bno055.c:8075:29:bno055_get_data_output_format	32	static
../Core/Src/bno055.c:8132:29:bno055_set_data_output_format	32	static
../Core/Src/bno055.c:8230:29:bno055_get_operation_mode	32	static
../Core/Src/bno055.c:8310:29:bno055_set_operation_mode	32	static
../Core/Src/bno055.c:8430:29:bno055_get_power_mode	32	static
../Core/Src/bno055.c:8497:29:bno055_set_power_mode	32	static
../Core/Src/bno055.c:8574:29:bno055_get_intr_rst	32	static
../Core/Src/bno055.c:8631:29:bno055_set_intr_rst	32	static
../Core/Src/bno055.c:8692:29:bno055_get_clk_src	32	static
../Core/Src/bno055.c:8748:29:bno055_set_clk_src	32	static
../Core/Src/bno055.c:8810:29:bno055_get_sys_rst	32	static
../Core/Src/bno055.c:8867:29:bno055_set_sys_rst	32	static
../Core/Src/bno055.c:8929:29:bno055_get_selftest	32	static
../Core/Src/bno055.c:8988:29:bno055_set_selftest	32	static
../Core/Src/bno055.c:9065:29:bno055_get_temp_source	32	static
../Core/Src/bno055.c:9122:29:bno055_set_temp_source	32	static
../Core/Src/bno055.c:9215:29:bno055_get_axis_remap_value	32	static
../Core/Src/bno055.c:9288:29:bno055_set_axis_remap_value	32	static
../Core/Src/bno055.c:9391:29:bno055_get_remap_x_sign	32	static
../Core/Src/bno055.c:9447:29:bno055_set_remap_x_sign	32	static
../Core/Src/bno055.c:9523:29:bno055_get_remap_y_sign	32	static
../Core/Src/bno055.c:9579:29:bno055_set_remap_y_sign	32	static
../Core/Src/bno055.c:9655:29:bno055_get_remap_z_sign	32	static
../Core/Src/bno055.c:9711:29:bno055_set_remap_z_sign	32	static
../Core/Src/bno055.c:9796:29:bno055_read_sic_matrix	48	static
../Core/Src/bno055.c:9974:29:bno055_write_sic_matrix	32	static
../Core/Src/bno055.c:10313:29:bno055_read_accel_offset	32	static
../Core/Src/bno055.c:10453:29:bno055_write_accel_offset	32	static
../Core/Src/bno055.c:10632:29:bno055_read_mag_offset	32	static
../Core/Src/bno055.c:10762:29:bno055_write_mag_offset	32	static
../Core/Src/bno055.c:10952:29:bno055_read_gyro_offset	32	static
../Core/Src/bno055.c:11066:29:bno055_write_gyro_offset	32	static
../Core/Src/bno055.c:11219:29:bno055_get_accel_range	32	static
../Core/Src/bno055.c:11278:29:bno055_set_accel_range	32	static
../Core/Src/bno055.c:11378:29:bno055_get_accel_bw	32	static
../Core/Src/bno055.c:11441:29:bno055_set_accel_bw	32	static
../Core/Src/bno055.c:11538:29:bno055_get_accel_power_mode	32	static
../Core/Src/bno055.c:11598:29:bno055_set_accel_power_mode	32	static
../Core/Src/bno055.c:11698:29:bno055_get_mag_data_output_rate	32	static
../Core/Src/bno055.c:11761:29:bno055_set_mag_data_output_rate	32	static
../Core/Src/bno055.c:11860:29:bno055_get_mag_operation_mode	32	static
../Core/Src/bno055.c:11919:29:bno055_set_mag_operation_mode	32	static
../Core/Src/bno055.c:12016:29:bno055_get_mag_power_mode	32	static
../Core/Src/bno055.c:12075:29:bno055_set_mag_power_mode	32	static
../Core/Src/bno055.c:12172:29:bno055_get_gyro_range	32	static
../Core/Src/bno055.c:12232:29:bno055_set_gyro_range	32	static
../Core/Src/bno055.c:12332:29:bno055_get_gyro_bw	32	static
../Core/Src/bno055.c:12394:29:bno055_set_gyro_bw	32	static
../Core/Src/bno055.c:12535:29:bno055_get_gyro_power_mode	32	static
../Core/Src/bno055.c:12595:29:bno055_set_gyro_power_mode	32	static
../Core/Src/bno055.c:12719:29:bno055_get_accel_sleep_tmr_mode	32	static
../Core/Src/bno055.c:12776:29:bno055_set_accel_sleep_tmr_mode	32	static
../Core/Src/bno055.c:12880:29:bno055_get_accel_sleep_durn	32	static
../Core/Src/bno055.c:12946:29:bno055_set_accel_sleep_durn	32	static
../Core/Src/bno055.c:13036:29:bno055_get_gyro_sleep_durn	32	static
../Core/Src/bno055.c:13088:29:bno055_set_gyro_sleep_durn	32	static
../Core/Src/bno055.c:13178:29:bno055_get_gyro_auto_sleep_durn	32	static
../Core/Src/bno055.c:13231:29:bno055_gyro_set_auto_sleep_durn	32	static
../Core/Src/bno055.c:13414:29:bno055_get_mag_sleep_mode	32	static
../Core/Src/bno055.c:13466:29:bno055_set_mag_sleep_mode	32	static
../Core/Src/bno055.c:13549:29:bno055_get_mag_sleep_durn	32	static
../Core/Src/bno055.c:13601:29:bno055_set_mag_sleep_durn	32	static
../Core/Src/bno055.c:13708:29:bno055_get_intr_mask_gyro_any_motion	32	static
../Core/Src/bno055.c:13784:29:bno055_set_intr_mask_gyro_any_motion	32	static
../Core/Src/bno055.c:13880:29:bno055_get_intr_mask_gyro_highrate	32	static
../Core/Src/bno055.c:13971:29:bno055_set_intr_mask_gyro_highrate	32	static
../Core/Src/bno055.c:14048:29:bno055_get_intr_mask_accel_high_g	32	static
../Core/Src/bno055.c:14119:29:bno055_set_intr_mask_accel_high_g	32	static
../Core/Src/bno055.c:14196:29:bno055_get_intr_mask_accel_any_motion	32	static
../Core/Src/bno055.c:14266:29:bno055_set_intr_mask_accel_any_motion	32	static
../Core/Src/bno055.c:14340:29:bno055_get_intr_mask_accel_no_motion	32	static
../Core/Src/bno055.c:14414:29:bno055_set_intr_mask_accel_no_motion	32	static
../Core/Src/bno055.c:14496:29:bno055_get_intr_gyro_any_motion	32	static
../Core/Src/bno055.c:14571:29:bno055_set_intr_gyro_any_motion	32	static
../Core/Src/bno055.c:14667:29:bno055_get_intr_gyro_highrate	32	static
../Core/Src/bno055.c:14758:29:bno055_set_intr_gyro_highrate	32	static
../Core/Src/bno055.c:14834:29:bno055_get_intr_accel_high_g	32	static
../Core/Src/bno055.c:14905:29:bno055_set_intr_accel_high_g	32	static
../Core/Src/bno055.c:14980:29:bno055_get_intr_accel_any_motion	32	static
../Core/Src/bno055.c:15050:29:bno055_set_intr_accel_any_motion	32	static
../Core/Src/bno055.c:15129:29:bno055_get_intr_accel_no_motion	32	static
../Core/Src/bno055.c:15203:29:bno055_set_intr_accel_no_motion	32	static
../Core/Src/bno055.c:15275:29:bno055_get_accel_any_motion_thres	32	static
../Core/Src/bno055.c:15340:29:bno055_set_accel_any_motion_thres	32	static
../Core/Src/bno055.c:15429:29:bno055_get_accel_any_motion_durn	32	static
../Core/Src/bno055.c:15486:29:bno055_set_accel_any_motion_durn	32	static
../Core/Src/bno055.c:15581:29:bno055_get_accel_any_motion_no_motion_axis_enable	32	static
../Core/Src/bno055.c:15670:29:bno055_set_accel_any_motion_no_motion_axis_enable	32	static
../Core/Src/bno055.c:15806:29:bno055_get_accel_high_g_axis_enable	32	static
../Core/Src/bno055.c:15895:29:bno055_set_accel_high_g_axis_enable	32	static
../Core/Src/bno055.c:16025:29:bno055_get_accel_high_g_durn	32	static
../Core/Src/bno055.c:16081:29:bno055_set_accel_high_g_durn	32	static
../Core/Src/bno055.c:16173:29:bno055_get_accel_high_g_thres	32	static
../Core/Src/bno055.c:16234:29:bno055_set_accel_high_g_thres	32	static
../Core/Src/bno055.c:16326:29:bno055_get_accel_slow_no_motion_thres	32	static
../Core/Src/bno055.c:16387:29:bno055_set_accel_slow_no_motion_thres	32	static
../Core/Src/bno055.c:16475:29:bno055_get_accel_slow_no_motion_enable	32	static
../Core/Src/bno055.c:16530:29:bno055_set_accel_slow_no_motion_enable	32	static
../Core/Src/bno055.c:16615:29:bno055_get_accel_slow_no_motion_durn	32	static
../Core/Src/bno055.c:16667:29:bno055_set_accel_slow_no_motion_durn	32	static
../Core/Src/bno055.c:16763:29:bno055_get_gyro_any_motion_axis_enable	32	static
../Core/Src/bno055.c:16852:29:bno055_set_gyro_any_motion_axis_enable	32	static
../Core/Src/bno055.c:16989:29:bno055_get_gyro_highrate_axis_enable	32	static
../Core/Src/bno055.c:17078:29:bno055_set_gyro_highrate_axis_enable	32	static
../Core/Src/bno055.c:17207:29:bno055_get_gyro_any_motion_filter	32	static
../Core/Src/bno055.c:17262:29:bno055_set_gyro_any_motion_filter	32	static
../Core/Src/bno055.c:17350:29:bno055_get_gyro_highrate_filter	32	static
../Core/Src/bno055.c:17405:29:bno055_set_gyro_highrate_filter	32	static
../Core/Src/bno055.c:17497:29:bno055_get_gyro_highrate_x_thres	32	static
../Core/Src/bno055.c:17558:29:bno055_set_gyro_highrate_x_thres	32	static
../Core/Src/bno055.c:17653:29:bno055_get_gyro_highrate_x_hyst	32	static
../Core/Src/bno055.c:17716:29:bno055_set_gyro_highrate_x_hyst	32	static
../Core/Src/bno055.c:17802:29:bno055_get_gyro_highrate_x_durn	32	static
../Core/Src/bno055.c:17856:29:bno055_set_gyro_highrate_x_durn	32	static
../Core/Src/bno055.c:17948:29:bno055_get_gyro_highrate_y_thres	32	static
../Core/Src/bno055.c:18009:29:bno055_set_gyro_highrate_y_thres	32	static
../Core/Src/bno055.c:18103:29:bno055_get_gyro_highrate_y_hyst	32	static
../Core/Src/bno055.c:18165:29:bno055_set_gyro_highrate_y_hyst	32	static
../Core/Src/bno055.c:18250:29:bno055_get_gyro_highrate_y_durn	32	static
../Core/Src/bno055.c:18304:29:bno055_set_gyro_highrate_y_durn	32	static
../Core/Src/bno055.c:18396:29:bno055_get_gyro_highrate_z_thres	32	static
../Core/Src/bno055.c:18457:29:bno055_set_gyro_highrate_z_thres	32	static
../Core/Src/bno055.c:18551:29:bno055_get_gyro_highrate_z_hyst	32	static
../Core/Src/bno055.c:18613:29:bno055_set_gyro_highrate_z_hyst	32	static
../Core/Src/bno055.c:18698:29:bno055_get_gyro_highrate_z_durn	32	static
../Core/Src/bno055.c:18752:29:bno055_set_gyro_highrate_z_durn	32	static
../Core/Src/bno055.c:18843:29:bno055_get_gyro_any_motion_thres	32	static
../Core/Src/bno055.c:18903:29:bno055_set_gyro_any_motion_thres	32	static
../Core/Src/bno055.c:18993:29:bno055_get_gyro_any_motion_slope_samples	32	static
../Core/Src/bno055.c:19051:29:bno055_set_gyro_any_motion_slope_samples	32	static
../Core/Src/bno055.c:19135:29:bno055_get_gyro_any_motion_awake_durn	32	static
../Core/Src/bno055.c:19186:29:bno055_set_gyro_any_motion_awake_durn	32	static
