14:07:37 **** Incremental Build of configuration Debug for project OBC_Software ****
make -j8 all 
arm-none-eabi-size   OBC_Software.elf 
   text	   data	    bss	    dec	    hex	filename
  27036	    484	   1724	  29244	   723c	OBC_Software.elf
Finished building: default.size.stdout
 
14:07:51 **** Incremental Build of configuration Debug for project OBC_Software ****
make -j8 all 
arm-none-eabi-size   OBC_Software.elf 
   text	   data	    bss	    dec	    hex	filename
  27036	    484	   1724	  29244	   723c	OBC_Software.elf
Finished building: default.size.stdout
 
14:08:01 **** Incremental Build of configuration Debug for project OBC_Software ****
make -j8 all 
arm-none-eabi-size   OBC_Software.elf 
   text	   data	    bss	    dec	    hex	filename
  27036	    484	   1724	  29244	   723c	OBC_Software.elf
Finished building: default.size.stdout
 
14:08:37 **** Incremental Build of configuration Debug for project OBC_Software ****
make -j8 all 
arm-none-eabi-size   OBC_Software.elf 
   text	   data	    bss	    dec	    hex	filename
  27036	    484	   1724	  29244	   723c	OBC_Software.elf
Finished building: default.size.stdout
 
14:08:50 **** Incremental Build of configuration Debug for project OBC_Software ****
make -j8 all 
arm-none-eabi-size   OBC_Software.elf 
   text	   data	    bss	    dec	    hex	filename
  27036	    484	   1724	  29244	   723c	OBC_Software.elf
Finished building: default.size.stdout
 
14:09:00 **** Incremental Build of configuration Debug for project OBC_Software ****
make -j8 all 
arm-none-eabi-size   OBC_Software.elf 
   text	   data	    bss	    dec	    hex	filename
  27036	    484	   1724	  29244	   723c	OBC_Software.elf
Finished building: default.size.stdout
 
14:09:10 **** Incremental Build of configuration Debug for project OBC_Software ****
make -j8 all 
arm-none-eabi-size   OBC_Software.elf 
   text	   data	    bss	    dec	    hex	filename
  27036	    484	   1724	  29244	   723c	OBC_Software.elf
Finished building: default.size.stdout
 
14:09:30 **** Incremental Build of configuration Debug for project OBC_Software ****
make -j8 all 
arm-none-eabi-size   OBC_Software.elf 
   text	   data	    bss	    dec	    hex	filename
  27036	    484	   1724	  29244	   723c	OBC_Software.elf
Finished building: default.size.stdout
 
14:09:48 **** Incremental Build of configuration Debug for project OBC_Software ****
make -j8 all 
arm-none-eabi-size   OBC_Software.elf 
   text	   data	    bss	    dec	    hex	filename
  27036	    484	   1724	  29244	   723c	OBC_Software.elf
Finished building: default.size.stdout
 
14:10:58 **** Incremental Build of configuration Debug for project OBC_Software ****
make -j8 all 
arm-none-eabi-gcc "../Core/Src/I2C.c" -mcpu=cortex-m4 -std=gnu11 -g3 -DDEBUG -DUSE_HAL_DRIVER -DSTM32L432xx -c -I../Core/Inc -I../Drivers/STM32L4xx_HAL_Driver/Inc -I../Drivers/STM32L4xx_HAL_Driver/Inc/Legacy -I../Drivers/CMSIS/Device/ST/STM32L4xx/Include -I../Drivers/CMSIS/Include -O0 -ffunction-sections -fdata-sections -Wall -fstack-usage -fcyclomatic-complexity -MMD -MP -MF"Core/Src/I2C.d" -MT"Core/Src/I2C.o" --specs=nano.specs -mfpu=fpv4-sp-d16 -mfloat-abi=hard -mthumb -o "Core/Src/I2C.o"
../Core/Src/I2C.c: In function 'I2C_Init':
../Core/Src/I2C.c:40:24: warning: result of '26 << 28' requires 34 bits to represent, but 'int' only has 32 bits [-Wshift-overflow=]
   40 |  I2C1->TIMINGR |= (0x1A<<28) | (0x5<<20) | (0x3<<16) | (0xF<<8) | (0x13<<0);
      |                        ^~
arm-none-eabi-g++ -o "OBC_Software.elf" @"objects.list"   -mcpu=cortex-m4 -T"/home/lucas/Documents/stage/flatsat/Software/OBC_L432KC_Software/OBC_Software/STM32L432KCUX_FLASH.ld" --specs=nosys.specs -Wl,-Map="OBC_Software.map" -Wl,--gc-sections -static --specs=nano.specs -mfpu=fpv4-sp-d16 -mfloat-abi=hard -mthumb -u _printf_float -Wl,--start-group -lc -lm -lstdc++ -lsupc++ -Wl,--end-group
Finished building target: OBC_Software.elf
 
arm-none-eabi-size   OBC_Software.elf 
arm-none-eabi-objdump -h -S  OBC_Software.elf  > "OBC_Software.list"
   text	   data	    bss	    dec	    hex	filename
  27036	    484	   1724	  29244	   723c	OBC_Software.elf
Finished building: default.size.stdout
 
Finished building: OBC_Software.list
 
14:11:10 **** Incremental Build of configuration Debug for project OBC_Software ****
make -j8 all 
arm-none-eabi-size   OBC_Software.elf 
   text	   data	    bss	    dec	    hex	filename
  27036	    484	   1724	  29244	   723c	OBC_Software.elf
Finished building: default.size.stdout
 
14:11:20 **** Incremental Build of configuration Debug for project OBC_Software ****
make -j8 all 
arm-none-eabi-size   OBC_Software.elf 
   text	   data	    bss	    dec	    hex	filename
  27036	    484	   1724	  29244	   723c	OBC_Software.elf
Finished building: default.size.stdout
 
14:11:29 **** Incremental Build of configuration Debug for project OBC_Software ****
make -j8 all 
arm-none-eabi-size   OBC_Software.elf 
   text	   data	    bss	    dec	    hex	filename
  27036	    484	   1724	  29244	   723c	OBC_Software.elf
Finished building: default.size.stdout
 
14:11:38 **** Incremental Build of configuration Debug for project OBC_Software ****
make -j8 all 
arm-none-eabi-size   OBC_Software.elf 
   text	   data	    bss	    dec	    hex	filename
  27036	    484	   1724	  29244	   723c	OBC_Software.elf
Finished building: default.size.stdout
 
14:11:47 **** Incremental Build of configuration Debug for project OBC_Software ****
make -j8 all 
arm-none-eabi-size   OBC_Software.elf 
   text	   data	    bss	    dec	    hex	filename
  27036	    484	   1724	  29244	   723c	OBC_Software.elf
Finished building: default.size.stdout
 
14:12:15 **** Incremental Build of configuration Debug for project OBC_Software ****
make -j8 all 
arm-none-eabi-size   OBC_Software.elf 
   text	   data	    bss	    dec	    hex	filename
  27036	    484	   1724	  29244	   723c	OBC_Software.elf
Finished building: default.size.stdout
 
14:13:15 **** Incremental Build of configuration Debug for project OBC_Software ****
make -j8 all 
arm-none-eabi-gcc "../Core/Src/I2C.c" -mcpu=cortex-m4 -std=gnu11 -g3 -DDEBUG -DUSE_HAL_DRIVER -DSTM32L432xx -c -I../Core/Inc -I../Drivers/STM32L4xx_HAL_Driver/Inc -I../Drivers/STM32L4xx_HAL_Driver/Inc/Legacy -I../Drivers/CMSIS/Device/ST/STM32L4xx/Include -I../Drivers/CMSIS/Include -O0 -ffunction-sections -fdata-sections -Wall -fstack-usage -fcyclomatic-complexity -MMD -MP -MF"Core/Src/I2C.d" -MT"Core/Src/I2C.o" --specs=nano.specs -mfpu=fpv4-sp-d16 -mfloat-abi=hard -mthumb -o "Core/Src/I2C.o"
../Core/Src/I2C.c: In function 'I2C_Init':
../Core/Src/I2C.c:40:24: warning: result of '31 << 28' requires 34 bits to represent, but 'int' only has 32 bits [-Wshift-overflow=]
   40 |  I2C1->TIMINGR |= (0x1F<<28) | (0x5<<20) | (0x3<<16) | (0xF<<8) | (0x13<<0);
      |                        ^~
arm-none-eabi-g++ -o "OBC_Software.elf" @"objects.list"   -mcpu=cortex-m4 -T"/home/lucas/Documents/stage/flatsat/Software/OBC_L432KC_Software/OBC_Software/STM32L432KCUX_FLASH.ld" --specs=nosys.specs -Wl,-Map="OBC_Software.map" -Wl,--gc-sections -static --specs=nano.specs -mfpu=fpv4-sp-d16 -mfloat-abi=hard -mthumb -u _printf_float -Wl,--start-group -lc -lm -lstdc++ -lsupc++ -Wl,--end-group
Finished building target: OBC_Software.elf
 
arm-none-eabi-size   OBC_Software.elf 
arm-none-eabi-objdump -h -S  OBC_Software.elf  > "OBC_Software.list"
   text	   data	    bss	    dec	    hex	filename
  27036	    484	   1724	  29244	   723c	OBC_Software.elf
Finished building: default.size.stdout
 
Finished building: OBC_Software.list
 
14:13:29 **** Incremental Build of configuration Debug for project OBC_Software ****
make -j8 all 
arm-none-eabi-size   OBC_Software.elf 
   text	   data	    bss	    dec	    hex	filename
  27036	    484	   1724	  29244	   723c	OBC_Software.elf
Finished building: default.size.stdout
 
14:13:38 **** Incremental Build of configuration Debug for project OBC_Software ****
make -j8 all 
arm-none-eabi-size   OBC_Software.elf 
   text	   data	    bss	    dec	    hex	filename
  27036	    484	   1724	  29244	   723c	OBC_Software.elf
Finished building: default.size.stdout
 
14:13:47 **** Incremental Build of configuration Debug for project OBC_Software ****
make -j8 all 
arm-none-eabi-size   OBC_Software.elf 
   text	   data	    bss	    dec	    hex	filename
  27036	    484	   1724	  29244	   723c	OBC_Software.elf
Finished building: default.size.stdout
 
14:13:57 **** Incremental Build of configuration Debug for project OBC_Software ****
make -j8 all 
arm-none-eabi-size   OBC_Software.elf 
   text	   data	    bss	    dec	    hex	filename
  27036	    484	   1724	  29244	   723c	OBC_Software.elf
Finished building: default.size.stdout
 
14:14:06 **** Incremental Build of configuration Debug for project OBC_Software ****
make -j8 all 
arm-none-eabi-size   OBC_Software.elf 
   text	   data	    bss	    dec	    hex	filename
  27036	    484	   1724	  29244	   723c	OBC_Software.elf
Finished building: default.size.stdout
 
14:14:15 **** Incremental Build of configuration Debug for project OBC_Software ****
make -j8 all 
arm-none-eabi-size   OBC_Software.elf 
   text	   data	    bss	    dec	    hex	filename
  27036	    484	   1724	  29244	   723c	OBC_Software.elf
Finished building: default.size.stdout
 
14:14:24 **** Incremental Build of configuration Debug for project OBC_Software ****
make -j8 all 
arm-none-eabi-size   OBC_Software.elf 
   text	   data	    bss	    dec	    hex	filename
  27036	    484	   1724	  29244	   723c	OBC_Software.elf
Finished building: default.size.stdout
 
14:14:50 **** Incremental Build of configuration Debug for project OBC_Software ****
make -j8 all 
arm-none-eabi-size   OBC_Software.elf 
   text	   data	    bss	    dec	    hex	filename
  27036	    484	   1724	  29244	   723c	OBC_Software.elf
Finished building: default.size.stdout
 
14:15:00 **** Incremental Build of configuration Debug for project OBC_Software ****
make -j8 all 
arm-none-eabi-size   OBC_Software.elf 
   text	   data	    bss	    dec	    hex	filename
  27036	    484	   1724	  29244	   723c	OBC_Software.elf
Finished building: default.size.stdout
 
14:15:54 **** Incremental Build of configuration Debug for project OBC_Software ****
make -j8 all 
arm-none-eabi-gcc "../Core/Src/I2C.c" -mcpu=cortex-m4 -std=gnu11 -g3 -DDEBUG -DUSE_HAL_DRIVER -DSTM32L432xx -c -I../Core/Inc -I../Drivers/STM32L4xx_HAL_Driver/Inc -I../Drivers/STM32L4xx_HAL_Driver/Inc/Legacy -I../Drivers/CMSIS/Device/ST/STM32L4xx/Include -I../Drivers/CMSIS/Include -O0 -ffunction-sections -fdata-sections -Wall -fstack-usage -fcyclomatic-complexity -MMD -MP -MF"Core/Src/I2C.d" -MT"Core/Src/I2C.o" --specs=nano.specs -mfpu=fpv4-sp-d16 -mfloat-abi=hard -mthumb -o "Core/Src/I2C.o"
../Core/Src/I2C.c: In function 'I2C_Init':
../Core/Src/I2C.c:40:24: warning: result of '37 << 28' requires 35 bits to represent, but 'int' only has 32 bits [-Wshift-overflow=]
   40 |  I2C1->TIMINGR |= (0x25<<28) | (0x5<<20) | (0x3<<16) | (0xF<<8) | (0x13<<0);
      |                        ^~
arm-none-eabi-g++ -o "OBC_Software.elf" @"objects.list"   -mcpu=cortex-m4 -T"/home/lucas/Documents/stage/flatsat/Software/OBC_L432KC_Software/OBC_Software/STM32L432KCUX_FLASH.ld" --specs=nosys.specs -Wl,-Map="OBC_Software.map" -Wl,--gc-sections -static --specs=nano.specs -mfpu=fpv4-sp-d16 -mfloat-abi=hard -mthumb -u _printf_float -Wl,--start-group -lc -lm -lstdc++ -lsupc++ -Wl,--end-group
Finished building target: OBC_Software.elf
 
arm-none-eabi-size   OBC_Software.elf 
arm-none-eabi-objdump -h -S  OBC_Software.elf  > "OBC_Software.list"
   text	   data	    bss	    dec	    hex	filename
  27036	    484	   1724	  29244	   723c	OBC_Software.elf
Finished building: default.size.stdout
 
Finished building: OBC_Software.list
 
14:20:12 **** Incremental Build of configuration Debug for project OBC_Software ****
make -j8 all 
arm-none-eabi-gcc "../Core/Src/I2C.c" -mcpu=cortex-m4 -std=gnu11 -g3 -DDEBUG -DUSE_HAL_DRIVER -DSTM32L432xx -c -I../Core/Inc -I../Drivers/STM32L4xx_HAL_Driver/Inc -I../Drivers/STM32L4xx_HAL_Driver/Inc/Legacy -I../Drivers/CMSIS/Device/ST/STM32L4xx/Include -I../Drivers/CMSIS/Include -O0 -ffunction-sections -fdata-sections -Wall -fstack-usage -fcyclomatic-complexity -MMD -MP -MF"Core/Src/I2C.d" -MT"Core/Src/I2C.o" --specs=nano.specs -mfpu=fpv4-sp-d16 -mfloat-abi=hard -mthumb -o "Core/Src/I2C.o"
arm-none-eabi-g++ -o "OBC_Software.elf" @"objects.list"   -mcpu=cortex-m4 -T"/home/lucas/Documents/stage/flatsat/Software/OBC_L432KC_Software/OBC_Software/STM32L432KCUX_FLASH.ld" --specs=nosys.specs -Wl,-Map="OBC_Software.map" -Wl,--gc-sections -static --specs=nano.specs -mfpu=fpv4-sp-d16 -mfloat-abi=hard -mthumb -u _printf_float -Wl,--start-group -lc -lm -lstdc++ -lsupc++ -Wl,--end-group
Finished building target: OBC_Software.elf
 
arm-none-eabi-size   OBC_Software.elf 
arm-none-eabi-objdump -h -S  OBC_Software.elf  > "OBC_Software.list"
   text	   data	    bss	    dec	    hex	filename
  27036	    484	   1724	  29244	   723c	OBC_Software.elf
Finished building: default.size.stdout
 
Finished building: OBC_Software.list
 
14:20:25 **** Incremental Build of configuration Debug for project OBC_Software ****
make -j8 all 
arm-none-eabi-size   OBC_Software.elf 
   text	   data	    bss	    dec	    hex	filename
  27036	    484	   1724	  29244	   723c	OBC_Software.elf
Finished building: default.size.stdout
 
14:20:38 **** Incremental Build of configuration Debug for project OBC_Software ****
make -j8 all 
arm-none-eabi-size   OBC_Software.elf 
   text	   data	    bss	    dec	    hex	filename
  27036	    484	   1724	  29244	   723c	OBC_Software.elf
Finished building: default.size.stdout
 
14:20:47 **** Incremental Build of configuration Debug for project OBC_Software ****
make -j8 all 
arm-none-eabi-size   OBC_Software.elf 
   text	   data	    bss	    dec	    hex	filename
  27036	    484	   1724	  29244	   723c	OBC_Software.elf
Finished building: default.size.stdout
 
14:23:45 **** Incremental Build of configuration Debug for project OBC_Software ****
make -j8 all 
arm-none-eabi-gcc "../Drivers/STM32L4xx_HAL_Driver/Src/stm32l4xx_hal.c" -mcpu=cortex-m4 -std=gnu11 -g3 -DDEBUG -DUSE_HAL_DRIVER -DSTM32L432xx -c -I../Core/Inc -I../Drivers/STM32L4xx_HAL_Driver/Inc -I../Drivers/STM32L4xx_HAL_Driver/Inc/Legacy -I../Drivers/CMSIS/Device/ST/STM32L4xx/Include -I../Drivers/CMSIS/Include -O0 -ffunction-sections -fdata-sections -Wall -fstack-usage -fcyclomatic-complexity -MMD -MP -MF"Drivers/STM32L4xx_HAL_Driver/Src/stm32l4xx_hal.d" -MT"Drivers/STM32L4xx_HAL_Driver/Src/stm32l4xx_hal.o" --specs=nano.specs -mfpu=fpv4-sp-d16 -mfloat-abi=hard -mthumb -o "Drivers/STM32L4xx_HAL_Driver/Src/stm32l4xx_hal.o"
arm-none-eabi-gcc "../Drivers/STM32L4xx_HAL_Driver/Src/stm32l4xx_hal_cortex.c" -mcpu=cortex-m4 -std=gnu11 -g3 -DDEBUG -DUSE_HAL_DRIVER -DSTM32L432xx -c -I../Core/Inc -I../Drivers/STM32L4xx_HAL_Driver/Inc -I../Drivers/STM32L4xx_HAL_Driver/Inc/Legacy -I../Drivers/CMSIS/Device/ST/STM32L4xx/Include -I../Drivers/CMSIS/Include -O0 -ffunction-sections -fdata-sections -Wall -fstack-usage -fcyclomatic-complexity -MMD -MP -MF"Drivers/STM32L4xx_HAL_Driver/Src/stm32l4xx_hal_cortex.d" -MT"Drivers/STM32L4xx_HAL_Driver/Src/stm32l4xx_hal_cortex.o" --specs=nano.specs -mfpu=fpv4-sp-d16 -mfloat-abi=hard -mthumb -o "Drivers/STM32L4xx_HAL_Driver/Src/stm32l4xx_hal_cortex.o"
arm-none-eabi-gcc "../Drivers/STM32L4xx_HAL_Driver/Src/stm32l4xx_hal_dma.c" -mcpu=cortex-m4 -std=gnu11 -g3 -DDEBUG -DUSE_HAL_DRIVER -DSTM32L432xx -c -I../Core/Inc -I../Drivers/STM32L4xx_HAL_Driver/Inc -I../Drivers/STM32L4xx_HAL_Driver/Inc/Legacy -I../Drivers/CMSIS/Device/ST/STM32L4xx/Include -I../Drivers/CMSIS/Include -O0 -ffunction-sections -fdata-sections -Wall -fstack-usage -fcyclomatic-complexity -MMD -MP -MF"Drivers/STM32L4xx_HAL_Driver/Src/stm32l4xx_hal_dma.d" -MT"Drivers/STM32L4xx_HAL_Driver/Src/stm32l4xx_hal_dma.o" --specs=nano.specs -mfpu=fpv4-sp-d16 -mfloat-abi=hard -mthumb -o "Drivers/STM32L4xx_HAL_Driver/Src/stm32l4xx_hal_dma.o"
arm-none-eabi-gcc "../Drivers/STM32L4xx_HAL_Driver/Src/stm32l4xx_hal_dma_ex.c" -mcpu=cortex-m4 -std=gnu11 -g3 -DDEBUG -DUSE_HAL_DRIVER -DSTM32L432xx -c -I../Core/Inc -I../Drivers/STM32L4xx_HAL_Driver/Inc -I../Drivers/STM32L4xx_HAL_Driver/Inc/Legacy -I../Drivers/CMSIS/Device/ST/STM32L4xx/Include -I../Drivers/CMSIS/Include -O0 -ffunction-sections -fdata-sections -Wall -fstack-usage -fcyclomatic-complexity -MMD -MP -MF"Drivers/STM32L4xx_HAL_Driver/Src/stm32l4xx_hal_dma_ex.d" -MT"Drivers/STM32L4xx_HAL_Driver/Src/stm32l4xx_hal_dma_ex.o" --specs=nano.specs -mfpu=fpv4-sp-d16 -mfloat-abi=hard -mthumb -o "Drivers/STM32L4xx_HAL_Driver/Src/stm32l4xx_hal_dma_ex.o"
arm-none-eabi-gcc "../Drivers/STM32L4xx_HAL_Driver/Src/stm32l4xx_hal_exti.c" -mcpu=cortex-m4 -std=gnu11 -g3 -DDEBUG -DUSE_HAL_DRIVER -DSTM32L432xx -c -I../Core/Inc -I../Drivers/STM32L4xx_HAL_Driver/Inc -I../Drivers/STM32L4xx_HAL_Driver/Inc/Legacy -I../Drivers/CMSIS/Device/ST/STM32L4xx/Include -I../Drivers/CMSIS/Include -O0 -ffunction-sections -fdata-sections -Wall -fstack-usage -fcyclomatic-complexity -MMD -MP -MF"Drivers/STM32L4xx_HAL_Driver/Src/stm32l4xx_hal_exti.d" -MT"Drivers/STM32L4xx_HAL_Driver/Src/stm32l4xx_hal_exti.o" --specs=nano.specs -mfpu=fpv4-sp-d16 -mfloat-abi=hard -mthumb -o "Drivers/STM32L4xx_HAL_Driver/Src/stm32l4xx_hal_exti.o"
arm-none-eabi-gcc "../Drivers/STM32L4xx_HAL_Driver/Src/stm32l4xx_hal_flash.c" -mcpu=cortex-m4 -std=gnu11 -g3 -DDEBUG -DUSE_HAL_DRIVER -DSTM32L432xx -c -I../Core/Inc -I../Drivers/STM32L4xx_HAL_Driver/Inc -I../Drivers/STM32L4xx_HAL_Driver/Inc/Legacy -I../Drivers/CMSIS/Device/ST/STM32L4xx/Include -I../Drivers/CMSIS/Include -O0 -ffunction-sections -fdata-sections -Wall -fstack-usage -fcyclomatic-complexity -MMD -MP -MF"Drivers/STM32L4xx_HAL_Driver/Src/stm32l4xx_hal_flash.d" -MT"Drivers/STM32L4xx_HAL_Driver/Src/stm32l4xx_hal_flash.o" --specs=nano.specs -mfpu=fpv4-sp-d16 -mfloat-abi=hard -mthumb -o "Drivers/STM32L4xx_HAL_Driver/Src/stm32l4xx_hal_flash.o"
arm-none-eabi-gcc "../Drivers/STM32L4xx_HAL_Driver/Src/stm32l4xx_hal_flash_ex.c" -mcpu=cortex-m4 -std=gnu11 -g3 -DDEBUG -DUSE_HAL_DRIVER -DSTM32L432xx -c -I../Core/Inc -I../Drivers/STM32L4xx_HAL_Driver/Inc -I../Drivers/STM32L4xx_HAL_Driver/Inc/Legacy -I../Drivers/CMSIS/Device/ST/STM32L4xx/Include -I../Drivers/CMSIS/Include -O0 -ffunction-sections -fdata-sections -Wall -fstack-usage -fcyclomatic-complexity -MMD -MP -MF"Drivers/STM32L4xx_HAL_Driver/Src/stm32l4xx_hal_flash_ex.d" -MT"Drivers/STM32L4xx_HAL_Driver/Src/stm32l4xx_hal_flash_ex.o" --specs=nano.specs -mfpu=fpv4-sp-d16 -mfloat-abi=hard -mthumb -o "Drivers/STM32L4xx_HAL_Driver/Src/stm32l4xx_hal_flash_ex.o"
arm-none-eabi-gcc "../Drivers/STM32L4xx_HAL_Driver/Src/stm32l4xx_hal_flash_ramfunc.c" -mcpu=cortex-m4 -std=gnu11 -g3 -DDEBUG -DUSE_HAL_DRIVER -DSTM32L432xx -c -I../Core/Inc -I../Drivers/STM32L4xx_HAL_Driver/Inc -I../Drivers/STM32L4xx_HAL_Driver/Inc/Legacy -I../Drivers/CMSIS/Device/ST/STM32L4xx/Include -I../Drivers/CMSIS/Include -O0 -ffunction-sections -fdata-sections -Wall -fstack-usage -fcyclomatic-complexity -MMD -MP -MF"Drivers/STM32L4xx_HAL_Driver/Src/stm32l4xx_hal_flash_ramfunc.d" -MT"Drivers/STM32L4xx_HAL_Driver/Src/stm32l4xx_hal_flash_ramfunc.o" --specs=nano.specs -mfpu=fpv4-sp-d16 -mfloat-abi=hard -mthumb -o "Drivers/STM32L4xx_HAL_Driver/Src/stm32l4xx_hal_flash_ramfunc.o"
arm-none-eabi-gcc "../Drivers/STM32L4xx_HAL_Driver/Src/stm32l4xx_hal_gpio.c" -mcpu=cortex-m4 -std=gnu11 -g3 -DDEBUG -DUSE_HAL_DRIVER -DSTM32L432xx -c -I../Core/Inc -I../Drivers/STM32L4xx_HAL_Driver/Inc -I../Drivers/STM32L4xx_HAL_Driver/Inc/Legacy -I../Drivers/CMSIS/Device/ST/STM32L4xx/Include -I../Drivers/CMSIS/Include -O0 -ffunction-sections -fdata-sections -Wall -fstack-usage -fcyclomatic-complexity -MMD -MP -MF"Drivers/STM32L4xx_HAL_Driver/Src/stm32l4xx_hal_gpio.d" -MT"Drivers/STM32L4xx_HAL_Driver/Src/stm32l4xx_hal_gpio.o" --specs=nano.specs -mfpu=fpv4-sp-d16 -mfloat-abi=hard -mthumb -o "Drivers/STM32L4xx_HAL_Driver/Src/stm32l4xx_hal_gpio.o"
arm-none-eabi-gcc "../Drivers/STM32L4xx_HAL_Driver/Src/stm32l4xx_hal_lptim.c" -mcpu=cortex-m4 -std=gnu11 -g3 -DDEBUG -DUSE_HAL_DRIVER -DSTM32L432xx -c -I../Core/Inc -I../Drivers/STM32L4xx_HAL_Driver/Inc -I../Drivers/STM32L4xx_HAL_Driver/Inc/Legacy -I../Drivers/CMSIS/Device/ST/STM32L4xx/Include -I../Drivers/CMSIS/Include -O0 -ffunction-sections -fdata-sections -Wall -fstack-usage -fcyclomatic-complexity -MMD -MP -MF"Drivers/STM32L4xx_HAL_Driver/Src/stm32l4xx_hal_lptim.d" -MT"Drivers/STM32L4xx_HAL_Driver/Src/stm32l4xx_hal_lptim.o" --specs=nano.specs -mfpu=fpv4-sp-d16 -mfloat-abi=hard -mthumb -o "Drivers/STM32L4xx_HAL_Driver/Src/stm32l4xx_hal_lptim.o"
arm-none-eabi-gcc "../Drivers/STM32L4xx_HAL_Driver/Src/stm32l4xx_hal_pwr.c" -mcpu=cortex-m4 -std=gnu11 -g3 -DDEBUG -DUSE_HAL_DRIVER -DSTM32L432xx -c -I../Core/Inc -I../Drivers/STM32L4xx_HAL_Driver/Inc -I../Drivers/STM32L4xx_HAL_Driver/Inc/Legacy -I../Drivers/CMSIS/Device/ST/STM32L4xx/Include -I../Drivers/CMSIS/Include -O0 -ffunction-sections -fdata-sections -Wall -fstack-usage -fcyclomatic-complexity -MMD -MP -MF"Drivers/STM32L4xx_HAL_Driver/Src/stm32l4xx_hal_pwr.d" -MT"Drivers/STM32L4xx_HAL_Driver/Src/stm32l4xx_hal_pwr.o" --specs=nano.specs -mfpu=fpv4-sp-d16 -mfloat-abi=hard -mthumb -o "Drivers/STM32L4xx_HAL_Driver/Src/stm32l4xx_hal_pwr.o"
arm-none-eabi-gcc "../Drivers/STM32L4xx_HAL_Driver/Src/stm32l4xx_hal_pwr_ex.c" -mcpu=cortex-m4 -std=gnu11 -g3 -DDEBUG -DUSE_HAL_DRIVER -DSTM32L432xx -c -I../Core/Inc -I../Drivers/STM32L4xx_HAL_Driver/Inc -I../Drivers/STM32L4xx_HAL_Driver/Inc/Legacy -I../Drivers/CMSIS/Device/ST/STM32L4xx/Include -I../Drivers/CMSIS/Include -O0 -ffunction-sections -fdata-sections -Wall -fstack-usage -fcyclomatic-complexity -MMD -MP -MF"Drivers/STM32L4xx_HAL_Driver/Src/stm32l4xx_hal_pwr_ex.d" -MT"Drivers/STM32L4xx_HAL_Driver/Src/stm32l4xx_hal_pwr_ex.o" --specs=nano.specs -mfpu=fpv4-sp-d16 -mfloat-abi=hard -mthumb -o "Drivers/STM32L4xx_HAL_Driver/Src/stm32l4xx_hal_pwr_ex.o"
arm-none-eabi-gcc "../Drivers/STM32L4xx_HAL_Driver/Src/stm32l4xx_hal_rcc.c" -mcpu=cortex-m4 -std=gnu11 -g3 -DDEBUG -DUSE_HAL_DRIVER -DSTM32L432xx -c -I../Core/Inc -I../Drivers/STM32L4xx_HAL_Driver/Inc -I../Drivers/STM32L4xx_HAL_Driver/Inc/Legacy -I../Drivers/CMSIS/Device/ST/STM32L4xx/Include -I../Drivers/CMSIS/Include -O0 -ffunction-sections -fdata-sections -Wall -fstack-usage -fcyclomatic-complexity -MMD -MP -MF"Drivers/STM32L4xx_HAL_Driver/Src/stm32l4xx_hal_rcc.d" -MT"Drivers/STM32L4xx_HAL_Driver/Src/stm32l4xx_hal_rcc.o" --specs=nano.specs -mfpu=fpv4-sp-d16 -mfloat-abi=hard -mthumb -o "Drivers/STM32L4xx_HAL_Driver/Src/stm32l4xx_hal_rcc.o"
arm-none-eabi-gcc "../Drivers/STM32L4xx_HAL_Driver/Src/stm32l4xx_hal_rcc_ex.c" -mcpu=cortex-m4 -std=gnu11 -g3 -DDEBUG -DUSE_HAL_DRIVER -DSTM32L432xx -c -I../Core/Inc -I../Drivers/STM32L4xx_HAL_Driver/Inc -I../Drivers/STM32L4xx_HAL_Driver/Inc/Legacy -I../Drivers/CMSIS/Device/ST/STM32L4xx/Include -I../Drivers/CMSIS/Include -O0 -ffunction-sections -fdata-sections -Wall -fstack-usage -fcyclomatic-complexity -MMD -MP -MF"Drivers/STM32L4xx_HAL_Driver/Src/stm32l4xx_hal_rcc_ex.d" -MT"Drivers/STM32L4xx_HAL_Driver/Src/stm32l4xx_hal_rcc_ex.o" --specs=nano.specs -mfpu=fpv4-sp-d16 -mfloat-abi=hard -mthumb -o "Drivers/STM32L4xx_HAL_Driver/Src/stm32l4xx_hal_rcc_ex.o"
arm-none-eabi-gcc "../Drivers/STM32L4xx_HAL_Driver/Src/stm32l4xx_hal_tim.c" -mcpu=cortex-m4 -std=gnu11 -g3 -DDEBUG -DUSE_HAL_DRIVER -DSTM32L432xx -c -I../Core/Inc -I../Drivers/STM32L4xx_HAL_Driver/Inc -I../Drivers/STM32L4xx_HAL_Driver/Inc/Legacy -I../Drivers/CMSIS/Device/ST/STM32L4xx/Include -I../Drivers/CMSIS/Include -O0 -ffunction-sections -fdata-sections -Wall -fstack-usage -fcyclomatic-complexity -MMD -MP -MF"Drivers/STM32L4xx_HAL_Driver/Src/stm32l4xx_hal_tim.d" -MT"Drivers/STM32L4xx_HAL_Driver/Src/stm32l4xx_hal_tim.o" --specs=nano.specs -mfpu=fpv4-sp-d16 -mfloat-abi=hard -mthumb -o "Drivers/STM32L4xx_HAL_Driver/Src/stm32l4xx_hal_tim.o"
arm-none-eabi-gcc "../Drivers/STM32L4xx_HAL_Driver/Src/stm32l4xx_hal_tim_ex.c" -mcpu=cortex-m4 -std=gnu11 -g3 -DDEBUG -DUSE_HAL_DRIVER -DSTM32L432xx -c -I../Core/Inc -I../Drivers/STM32L4xx_HAL_Driver/Inc -I../Drivers/STM32L4xx_HAL_Driver/Inc/Legacy -I../Drivers/CMSIS/Device/ST/STM32L4xx/Include -I../Drivers/CMSIS/Include -O0 -ffunction-sections -fdata-sections -Wall -fstack-usage -fcyclomatic-complexity -MMD -MP -MF"Drivers/STM32L4xx_HAL_Driver/Src/stm32l4xx_hal_tim_ex.d" -MT"Drivers/STM32L4xx_HAL_Driver/Src/stm32l4xx_hal_tim_ex.o" --specs=nano.specs -mfpu=fpv4-sp-d16 -mfloat-abi=hard -mthumb -o "Drivers/STM32L4xx_HAL_Driver/Src/stm32l4xx_hal_tim_ex.o"
arm-none-eabi-gcc "../Drivers/STM32L4xx_HAL_Driver/Src/stm32l4xx_hal_uart.c" -mcpu=cortex-m4 -std=gnu11 -g3 -DDEBUG -DUSE_HAL_DRIVER -DSTM32L432xx -c -I../Core/Inc -I../Drivers/STM32L4xx_HAL_Driver/Inc -I../Drivers/STM32L4xx_HAL_Driver/Inc/Legacy -I../Drivers/CMSIS/Device/ST/STM32L4xx/Include -I../Drivers/CMSIS/Include -O0 -ffunction-sections -fdata-sections -Wall -fstack-usage -fcyclomatic-complexity -MMD -MP -MF"Drivers/STM32L4xx_HAL_Driver/Src/stm32l4xx_hal_uart.d" -MT"Drivers/STM32L4xx_HAL_Driver/Src/stm32l4xx_hal_uart.o" --specs=nano.specs -mfpu=fpv4-sp-d16 -mfloat-abi=hard -mthumb -o "Drivers/STM32L4xx_HAL_Driver/Src/stm32l4xx_hal_uart.o"
arm-none-eabi-gcc "../Drivers/STM32L4xx_HAL_Driver/Src/stm32l4xx_hal_uart_ex.c" -mcpu=cortex-m4 -std=gnu11 -g3 -DDEBUG -DUSE_HAL_DRIVER -DSTM32L432xx -c -I../Core/Inc -I../Drivers/STM32L4xx_HAL_Driver/Inc -I../Drivers/STM32L4xx_HAL_Driver/Inc/Legacy -I../Drivers/CMSIS/Device/ST/STM32L4xx/Include -I../Drivers/CMSIS/Include -O0 -ffunction-sections -fdata-sections -Wall -fstack-usage -fcyclomatic-complexity -MMD -MP -MF"Drivers/STM32L4xx_HAL_Driver/Src/stm32l4xx_hal_uart_ex.d" -MT"Drivers/STM32L4xx_HAL_Driver/Src/stm32l4xx_hal_uart_ex.o" --specs=nano.specs -mfpu=fpv4-sp-d16 -mfloat-abi=hard -mthumb -o "Drivers/STM32L4xx_HAL_Driver/Src/stm32l4xx_hal_uart_ex.o"
arm-none-eabi-gcc "../Core/Src/Clocks.c" -mcpu=cortex-m4 -std=gnu11 -g3 -DDEBUG -DUSE_HAL_DRIVER -DSTM32L432xx -c -I../Core/Inc -I../Drivers/STM32L4xx_HAL_Driver/Inc -I../Drivers/STM32L4xx_HAL_Driver/Inc/Legacy -I../Drivers/CMSIS/Device/ST/STM32L4xx/Include -I../Drivers/CMSIS/Include -O0 -ffunction-sections -fdata-sections -Wall -fstack-usage -fcyclomatic-complexity -MMD -MP -MF"Core/Src/Clocks.d" -MT"Core/Src/Clocks.o" --specs=nano.specs -mfpu=fpv4-sp-d16 -mfloat-abi=hard -mthumb -o "Core/Src/Clocks.o"
arm-none-eabi-gcc "../Core/Src/I2C.c" -mcpu=cortex-m4 -std=gnu11 -g3 -DDEBUG -DUSE_HAL_DRIVER -DSTM32L432xx -c -I../Core/Inc -I../Drivers/STM32L4xx_HAL_Driver/Inc -I../Drivers/STM32L4xx_HAL_Driver/Inc/Legacy -I../Drivers/CMSIS/Device/ST/STM32L4xx/Include -I../Drivers/CMSIS/Include -O0 -ffunction-sections -fdata-sections -Wall -fstack-usage -fcyclomatic-complexity -MMD -MP -MF"Core/Src/I2C.d" -MT"Core/Src/I2C.o" --specs=nano.specs -mfpu=fpv4-sp-d16 -mfloat-abi=hard -mthumb -o "Core/Src/I2C.o"
arm-none-eabi-gcc "../Core/Src/Port_Conf.c" -mcpu=cortex-m4 -std=gnu11 -g3 -DDEBUG -DUSE_HAL_DRIVER -DSTM32L432xx -c -I../Core/Inc -I../Drivers/STM32L4xx_HAL_Driver/Inc -I../Drivers/STM32L4xx_HAL_Driver/Inc/Legacy -I../Drivers/CMSIS/Device/ST/STM32L4xx/Include -I../Drivers/CMSIS/Include -O0 -ffunction-sections -fdata-sections -Wall -fstack-usage -fcyclomatic-complexity -MMD -MP -MF"Core/Src/Port_Conf.d" -MT"Core/Src/Port_Conf.o" --specs=nano.specs -mfpu=fpv4-sp-d16 -mfloat-abi=hard -mthumb -o "Core/Src/Port_Conf.o"
arm-none-eabi-gcc "../Core/Src/main.c" -mcpu=cortex-m4 -std=gnu11 -g3 -DDEBUG -DUSE_HAL_DRIVER -DSTM32L432xx -c -I../Core/Inc -I../Drivers/STM32L4xx_HAL_Driver/Inc -I../Drivers/STM32L4xx_HAL_Driver/Inc/Legacy -I../Drivers/CMSIS/Device/ST/STM32L4xx/Include -I../Drivers/CMSIS/Include -O0 -ffunction-sections -fdata-sections -Wall -fstack-usage -fcyclomatic-complexity -MMD -MP -MF"Core/Src/main.d" -MT"Core/Src/main.o" --specs=nano.specs -mfpu=fpv4-sp-d16 -mfloat-abi=hard -mthumb -o "Core/Src/main.o"
arm-none-eabi-gcc "../Core/Src/stm32l4xx_hal_msp.c" -mcpu=cortex-m4 -std=gnu11 -g3 -DDEBUG -DUSE_HAL_DRIVER -DSTM32L432xx -c -I../Core/Inc -I../Drivers/STM32L4xx_HAL_Driver/Inc -I../Drivers/STM32L4xx_HAL_Driver/Inc/Legacy -I../Drivers/CMSIS/Device/ST/STM32L4xx/Include -I../Drivers/CMSIS/Include -O0 -ffunction-sections -fdata-sections -Wall -fstack-usage -fcyclomatic-complexity -MMD -MP -MF"Core/Src/stm32l4xx_hal_msp.d" -MT"Core/Src/stm32l4xx_hal_msp.o" --specs=nano.specs -mfpu=fpv4-sp-d16 -mfloat-abi=hard -mthumb -o "Core/Src/stm32l4xx_hal_msp.o"
arm-none-eabi-gcc "../Core/Src/stm32l4xx_it.c" -mcpu=cortex-m4 -std=gnu11 -g3 -DDEBUG -DUSE_HAL_DRIVER -DSTM32L432xx -c -I../Core/Inc -I../Drivers/STM32L4xx_HAL_Driver/Inc -I../Drivers/STM32L4xx_HAL_Driver/Inc/Legacy -I../Drivers/CMSIS/Device/ST/STM32L4xx/Include -I../Drivers/CMSIS/Include -O0 -ffunction-sections -fdata-sections -Wall -fstack-usage -fcyclomatic-complexity -MMD -MP -MF"Core/Src/stm32l4xx_it.d" -MT"Core/Src/stm32l4xx_it.o" --specs=nano.specs -mfpu=fpv4-sp-d16 -mfloat-abi=hard -mthumb -o "Core/Src/stm32l4xx_it.o"
arm-none-eabi-gcc "../Core/Src/system_stm32l4xx.c" -mcpu=cortex-m4 -std=gnu11 -g3 -DDEBUG -DUSE_HAL_DRIVER -DSTM32L432xx -c -I../Core/Inc -I../Drivers/STM32L4xx_HAL_Driver/Inc -I../Drivers/STM32L4xx_HAL_Driver/Inc/Legacy -I../Drivers/CMSIS/Device/ST/STM32L4xx/Include -I../Drivers/CMSIS/Include -O0 -ffunction-sections -fdata-sections -Wall -fstack-usage -fcyclomatic-complexity -MMD -MP -MF"Core/Src/system_stm32l4xx.d" -MT"Core/Src/system_stm32l4xx.o" --specs=nano.specs -mfpu=fpv4-sp-d16 -mfloat-abi=hard -mthumb -o "Core/Src/system_stm32l4xx.o"
arm-none-eabi-g++ -o "OBC_Software.elf" @"objects.list"   -mcpu=cortex-m4 -T"/home/lucas/Documents/stage/flatsat/Software/OBC_L432KC_Software/OBC_Software/STM32L432KCUX_FLASH.ld" --specs=nosys.specs -Wl,-Map="OBC_Software.map" -Wl,--gc-sections -static --specs=nano.specs -mfpu=fpv4-sp-d16 -mfloat-abi=hard -mthumb -u _printf_float -Wl,--start-group -lc -lm -lstdc++ -lsupc++ -Wl,--end-group
Finished building target: OBC_Software.elf
 
arm-none-eabi-size   OBC_Software.elf 
arm-none-eabi-objdump -h -S  OBC_Software.elf  > "OBC_Software.list"
   text	   data	    bss	    dec	    hex	filename
  29076	    484	   1852	  31412	   7ab4	OBC_Software.elf
Finished building: default.size.stdout
 
Finished building: OBC_Software.list
 
14:24:21 **** Incremental Build of configuration Debug for project OBC_Software ****
make -j8 all 
arm-none-eabi-size   OBC_Software.elf 
   text	   data	    bss	    dec	    hex	filename
  29076	    484	   1852	  31412	   7ab4	OBC_Software.elf
Finished building: default.size.stdout
 
14:24:37 **** Incremental Build of configuration Debug for project OBC_Software ****
make -j8 all 
arm-none-eabi-size   OBC_Software.elf 
   text	   data	    bss	    dec	    hex	filename
  29076	    484	   1852	  31412	   7ab4	OBC_Software.elf
Finished building: default.size.stdout
 
14:24:46 **** Incremental Build of configuration Debug for project OBC_Software ****
make -j8 all 
arm-none-eabi-size   OBC_Software.elf 
   text	   data	    bss	    dec	    hex	filename
  29076	    484	   1852	  31412	   7ab4	OBC_Software.elf
Finished building: default.size.stdout
 
14:25:01 **** Incremental Build of configuration Debug for project OBC_Software ****
make -j8 all 
arm-none-eabi-size   OBC_Software.elf 
   text	   data	    bss	    dec	    hex	filename
  29076	    484	   1852	  31412	   7ab4	OBC_Software.elf
Finished building: default.size.stdout
 
14:25:38 **** Incremental Build of configuration Debug for project OBC_Software ****
make -j8 all 
arm-none-eabi-size   OBC_Software.elf 
   text	   data	    bss	    dec	    hex	filename
  29076	    484	   1852	  31412	   7ab4	OBC_Software.elf
Finished building: default.size.stdout
 
14:25:59 **** Incremental Build of configuration Debug for project OBC_Software ****
make -j8 all 
arm-none-eabi-size   OBC_Software.elf 
   text	   data	    bss	    dec	    hex	filename
  29076	    484	   1852	  31412	   7ab4	OBC_Software.elf
Finished building: default.size.stdout
 
14:26:19 **** Incremental Build of configuration Debug for project OBC_Software ****
make -j8 all 
arm-none-eabi-size   OBC_Software.elf 
   text	   data	    bss	    dec	    hex	filename
  29076	    484	   1852	  31412	   7ab4	OBC_Software.elf
Finished building: default.size.stdout
 
14:32:55 **** Incremental Build of configuration Debug for project OBC_Software ****
make -j8 all 
arm-none-eabi-size   OBC_Software.elf 
   text	   data	    bss	    dec	    hex	filename
  29076	    484	   1852	  31412	   7ab4	OBC_Software.elf
Finished building: default.size.stdout
 
15:22:34 **** Incremental Build of configuration Debug for project OBC_Software ****
make -j8 all 
arm-none-eabi-size   OBC_Software.elf 
   text	   data	    bss	    dec	    hex	filename
  29076	    484	   1852	  31412	   7ab4	OBC_Software.elf
Finished building: default.size.stdout
 
15:26:06 **** Incremental Build of configuration Debug for project OBC_Software ****
make -j8 all 
arm-none-eabi-gcc "../Core/Src/I2C.c" -mcpu=cortex-m4 -std=gnu11 -g3 -DDEBUG -DUSE_HAL_DRIVER -DSTM32L432xx -c -I../Core/Inc -I../Drivers/STM32L4xx_HAL_Driver/Inc -I../Drivers/STM32L4xx_HAL_Driver/Inc/Legacy -I../Drivers/CMSIS/Device/ST/STM32L4xx/Include -I../Drivers/CMSIS/Include -O0 -ffunction-sections -fdata-sections -Wall -fstack-usage -fcyclomatic-complexity -MMD -MP -MF"Core/Src/I2C.d" -MT"Core/Src/I2C.o" --specs=nano.specs -mfpu=fpv4-sp-d16 -mfloat-abi=hard -mthumb -o "Core/Src/I2C.o"
arm-none-eabi-g++ -o "OBC_Software.elf" @"objects.list"   -mcpu=cortex-m4 -T"/home/lucas/Documents/stage/flatsat/Software/OBC_L432KC_Software/OBC_Software/STM32L432KCUX_FLASH.ld" --specs=nosys.specs -Wl,-Map="OBC_Software.map" -Wl,--gc-sections -static --specs=nano.specs -mfpu=fpv4-sp-d16 -mfloat-abi=hard -mthumb -u _printf_float -Wl,--start-group -lc -lm -lstdc++ -lsupc++ -Wl,--end-group
Finished building target: OBC_Software.elf
 
arm-none-eabi-size   OBC_Software.elf 
arm-none-eabi-objdump -h -S  OBC_Software.elf  > "OBC_Software.list"
   text	   data	    bss	    dec	    hex	filename
  29092	    484	   1852	  31428	   7ac4	OBC_Software.elf
Finished building: default.size.stdout
 
Finished building: OBC_Software.list
 
15:26:25 **** Incremental Build of configuration Debug for project OBC_Software ****
make -j8 all 
arm-none-eabi-size   OBC_Software.elf 
   text	   data	    bss	    dec	    hex	filename
  29092	    484	   1852	  31428	   7ac4	OBC_Software.elf
Finished building: default.size.stdout
 
15:26:34 **** Incremental Build of configuration Debug for project OBC_Software ****
make -j8 all 
arm-none-eabi-size   OBC_Software.elf 
   text	   data	    bss	    dec	    hex	filename
  29092	    484	   1852	  31428	   7ac4	OBC_Software.elf
Finished building: default.size.stdout
 
15:27:22 **** Incremental Build of configuration Debug for project OBC_Software ****
make -j8 all 
arm-none-eabi-size   OBC_Software.elf 
   text	   data	    bss	    dec	    hex	filename
  29092	    484	   1852	  31428	   7ac4	OBC_Software.elf
Finished building: default.size.stdout
 
15:53:19 **** Incremental Build of configuration Debug for project OBC_Software ****
make -j8 all 
arm-none-eabi-gcc "../Core/Src/I2C.c" -mcpu=cortex-m4 -std=gnu11 -g3 -DDEBUG -DUSE_HAL_DRIVER -DSTM32L432xx -c -I../Core/Inc -I../Drivers/STM32L4xx_HAL_Driver/Inc -I../Drivers/STM32L4xx_HAL_Driver/Inc/Legacy -I../Drivers/CMSIS/Device/ST/STM32L4xx/Include -I../Drivers/CMSIS/Include -O0 -ffunction-sections -fdata-sections -Wall -fstack-usage -fcyclomatic-complexity -MMD -MP -MF"Core/Src/I2C.d" -MT"Core/Src/I2C.o" --specs=nano.specs -mfpu=fpv4-sp-d16 -mfloat-abi=hard -mthumb -o "Core/Src/I2C.o"
arm-none-eabi-g++ -o "OBC_Software.elf" @"objects.list"   -mcpu=cortex-m4 -T"/home/lucas/Documents/stage/flatsat/Software/OBC_L432KC_Software/OBC_Software/STM32L432KCUX_FLASH.ld" --specs=nosys.specs -Wl,-Map="OBC_Software.map" -Wl,--gc-sections -static --specs=nano.specs -mfpu=fpv4-sp-d16 -mfloat-abi=hard -mthumb -u _printf_float -Wl,--start-group -lc -lm -lstdc++ -lsupc++ -Wl,--end-group
Finished building target: OBC_Software.elf
 
arm-none-eabi-size   OBC_Software.elf 
arm-none-eabi-objdump -h -S  OBC_Software.elf  > "OBC_Software.list"
   text	   data	    bss	    dec	    hex	filename
  29076	    484	   1852	  31412	   7ab4	OBC_Software.elf
Finished building: default.size.stdout
 
Finished building: OBC_Software.list
 
15:53:35 **** Incremental Build of configuration Debug for project OBC_Software ****
make -j8 all 
arm-none-eabi-size   OBC_Software.elf 
   text	   data	    bss	    dec	    hex	filename
  29076	    484	   1852	  31412	   7ab4	OBC_Software.elf
Finished building: default.size.stdout
 
15:53:46 **** Incremental Build of configuration Debug for project OBC_Software ****
make -j8 all 
arm-none-eabi-size   OBC_Software.elf 
   text	   data	    bss	    dec	    hex	filename
  29076	    484	   1852	  31412	   7ab4	OBC_Software.elf
Finished building: default.size.stdout
 
15:53:58 **** Incremental Build of configuration Debug for project OBC_Software ****
make -j8 all 
arm-none-eabi-size   OBC_Software.elf 
   text	   data	    bss	    dec	    hex	filename
  29076	    484	   1852	  31412	   7ab4	OBC_Software.elf
Finished building: default.size.stdout
 
15:54:12 **** Incremental Build of configuration Debug for project OBC_Software ****
make -j8 all 
arm-none-eabi-size   OBC_Software.elf 
   text	   data	    bss	    dec	    hex	filename
  29076	    484	   1852	  31412	   7ab4	OBC_Software.elf
Finished building: default.size.stdout
 
14:41:53 **** Incremental Build of configuration Debug for project OBC_Software ****
make -j8 all 
arm-none-eabi-gcc "../Drivers/STM32L4xx_HAL_Driver/Src/stm32l4xx_hal.c" -mcpu=cortex-m4 -std=gnu11 -g3 -DDEBUG -DUSE_HAL_DRIVER -DSTM32L432xx -c -I../Core/Inc -I../Drivers/STM32L4xx_HAL_Driver/Inc -I../Drivers/STM32L4xx_HAL_Driver/Inc/Legacy -I../Drivers/CMSIS/Device/ST/STM32L4xx/Include -I../Drivers/CMSIS/Include -O0 -ffunction-sections -fdata-sections -Wall -fstack-usage -fcyclomatic-complexity -MMD -MP -MF"Drivers/STM32L4xx_HAL_Driver/Src/stm32l4xx_hal.d" -MT"Drivers/STM32L4xx_HAL_Driver/Src/stm32l4xx_hal.o" --specs=nano.specs -mfpu=fpv4-sp-d16 -mfloat-abi=hard -mthumb -o "Drivers/STM32L4xx_HAL_Driver/Src/stm32l4xx_hal.o"
arm-none-eabi-gcc "../Drivers/STM32L4xx_HAL_Driver/Src/stm32l4xx_hal_cortex.c" -mcpu=cortex-m4 -std=gnu11 -g3 -DDEBUG -DUSE_HAL_DRIVER -DSTM32L432xx -c -I../Core/Inc -I../Drivers/STM32L4xx_HAL_Driver/Inc -I../Drivers/STM32L4xx_HAL_Driver/Inc/Legacy -I../Drivers/CMSIS/Device/ST/STM32L4xx/Include -I../Drivers/CMSIS/Include -O0 -ffunction-sections -fdata-sections -Wall -fstack-usage -fcyclomatic-complexity -MMD -MP -MF"Drivers/STM32L4xx_HAL_Driver/Src/stm32l4xx_hal_cortex.d" -MT"Drivers/STM32L4xx_HAL_Driver/Src/stm32l4xx_hal_cortex.o" --specs=nano.specs -mfpu=fpv4-sp-d16 -mfloat-abi=hard -mthumb -o "Drivers/STM32L4xx_HAL_Driver/Src/stm32l4xx_hal_cortex.o"
arm-none-eabi-gcc "../Drivers/STM32L4xx_HAL_Driver/Src/stm32l4xx_hal_dma.c" -mcpu=cortex-m4 -std=gnu11 -g3 -DDEBUG -DUSE_HAL_DRIVER -DSTM32L432xx -c -I../Core/Inc -I../Drivers/STM32L4xx_HAL_Driver/Inc -I../Drivers/STM32L4xx_HAL_Driver/Inc/Legacy -I../Drivers/CMSIS/Device/ST/STM32L4xx/Include -I../Drivers/CMSIS/Include -O0 -ffunction-sections -fdata-sections -Wall -fstack-usage -fcyclomatic-complexity -MMD -MP -MF"Drivers/STM32L4xx_HAL_Driver/Src/stm32l4xx_hal_dma.d" -MT"Drivers/STM32L4xx_HAL_Driver/Src/stm32l4xx_hal_dma.o" --specs=nano.specs -mfpu=fpv4-sp-d16 -mfloat-abi=hard -mthumb -o "Drivers/STM32L4xx_HAL_Driver/Src/stm32l4xx_hal_dma.o"
arm-none-eabi-gcc "../Drivers/STM32L4xx_HAL_Driver/Src/stm32l4xx_hal_dma_ex.c" -mcpu=cortex-m4 -std=gnu11 -g3 -DDEBUG -DUSE_HAL_DRIVER -DSTM32L432xx -c -I../Core/Inc -I../Drivers/STM32L4xx_HAL_Driver/Inc -I../Drivers/STM32L4xx_HAL_Driver/Inc/Legacy -I../Drivers/CMSIS/Device/ST/STM32L4xx/Include -I../Drivers/CMSIS/Include -O0 -ffunction-sections -fdata-sections -Wall -fstack-usage -fcyclomatic-complexity -MMD -MP -MF"Drivers/STM32L4xx_HAL_Driver/Src/stm32l4xx_hal_dma_ex.d" -MT"Drivers/STM32L4xx_HAL_Driver/Src/stm32l4xx_hal_dma_ex.o" --specs=nano.specs -mfpu=fpv4-sp-d16 -mfloat-abi=hard -mthumb -o "Drivers/STM32L4xx_HAL_Driver/Src/stm32l4xx_hal_dma_ex.o"
arm-none-eabi-gcc "../Drivers/STM32L4xx_HAL_Driver/Src/stm32l4xx_hal_exti.c" -mcpu=cortex-m4 -std=gnu11 -g3 -DDEBUG -DUSE_HAL_DRIVER -DSTM32L432xx -c -I../Core/Inc -I../Drivers/STM32L4xx_HAL_Driver/Inc -I../Drivers/STM32L4xx_HAL_Driver/Inc/Legacy -I../Drivers/CMSIS/Device/ST/STM32L4xx/Include -I../Drivers/CMSIS/Include -O0 -ffunction-sections -fdata-sections -Wall -fstack-usage -fcyclomatic-complexity -MMD -MP -MF"Drivers/STM32L4xx_HAL_Driver/Src/stm32l4xx_hal_exti.d" -MT"Drivers/STM32L4xx_HAL_Driver/Src/stm32l4xx_hal_exti.o" --specs=nano.specs -mfpu=fpv4-sp-d16 -mfloat-abi=hard -mthumb -o "Drivers/STM32L4xx_HAL_Driver/Src/stm32l4xx_hal_exti.o"
arm-none-eabi-gcc "../Drivers/STM32L4xx_HAL_Driver/Src/stm32l4xx_hal_flash.c" -mcpu=cortex-m4 -std=gnu11 -g3 -DDEBUG -DUSE_HAL_DRIVER -DSTM32L432xx -c -I../Core/Inc -I../Drivers/STM32L4xx_HAL_Driver/Inc -I../Drivers/STM32L4xx_HAL_Driver/Inc/Legacy -I../Drivers/CMSIS/Device/ST/STM32L4xx/Include -I../Drivers/CMSIS/Include -O0 -ffunction-sections -fdata-sections -Wall -fstack-usage -fcyclomatic-complexity -MMD -MP -MF"Drivers/STM32L4xx_HAL_Driver/Src/stm32l4xx_hal_flash.d" -MT"Drivers/STM32L4xx_HAL_Driver/Src/stm32l4xx_hal_flash.o" --specs=nano.specs -mfpu=fpv4-sp-d16 -mfloat-abi=hard -mthumb -o "Drivers/STM32L4xx_HAL_Driver/Src/stm32l4xx_hal_flash.o"
arm-none-eabi-gcc "../Drivers/STM32L4xx_HAL_Driver/Src/stm32l4xx_hal_flash_ex.c" -mcpu=cortex-m4 -std=gnu11 -g3 -DDEBUG -DUSE_HAL_DRIVER -DSTM32L432xx -c -I../Core/Inc -I../Drivers/STM32L4xx_HAL_Driver/Inc -I../Drivers/STM32L4xx_HAL_Driver/Inc/Legacy -I../Drivers/CMSIS/Device/ST/STM32L4xx/Include -I../Drivers/CMSIS/Include -O0 -ffunction-sections -fdata-sections -Wall -fstack-usage -fcyclomatic-complexity -MMD -MP -MF"Drivers/STM32L4xx_HAL_Driver/Src/stm32l4xx_hal_flash_ex.d" -MT"Drivers/STM32L4xx_HAL_Driver/Src/stm32l4xx_hal_flash_ex.o" --specs=nano.specs -mfpu=fpv4-sp-d16 -mfloat-abi=hard -mthumb -o "Drivers/STM32L4xx_HAL_Driver/Src/stm32l4xx_hal_flash_ex.o"
arm-none-eabi-gcc "../Drivers/STM32L4xx_HAL_Driver/Src/stm32l4xx_hal_flash_ramfunc.c" -mcpu=cortex-m4 -std=gnu11 -g3 -DDEBUG -DUSE_HAL_DRIVER -DSTM32L432xx -c -I../Core/Inc -I../Drivers/STM32L4xx_HAL_Driver/Inc -I../Drivers/STM32L4xx_HAL_Driver/Inc/Legacy -I../Drivers/CMSIS/Device/ST/STM32L4xx/Include -I../Drivers/CMSIS/Include -O0 -ffunction-sections -fdata-sections -Wall -fstack-usage -fcyclomatic-complexity -MMD -MP -MF"Drivers/STM32L4xx_HAL_Driver/Src/stm32l4xx_hal_flash_ramfunc.d" -MT"Drivers/STM32L4xx_HAL_Driver/Src/stm32l4xx_hal_flash_ramfunc.o" --specs=nano.specs -mfpu=fpv4-sp-d16 -mfloat-abi=hard -mthumb -o "Drivers/STM32L4xx_HAL_Driver/Src/stm32l4xx_hal_flash_ramfunc.o"
arm-none-eabi-gcc "../Drivers/STM32L4xx_HAL_Driver/Src/stm32l4xx_hal_gpio.c" -mcpu=cortex-m4 -std=gnu11 -g3 -DDEBUG -DUSE_HAL_DRIVER -DSTM32L432xx -c -I../Core/Inc -I../Drivers/STM32L4xx_HAL_Driver/Inc -I../Drivers/STM32L4xx_HAL_Driver/Inc/Legacy -I../Drivers/CMSIS/Device/ST/STM32L4xx/Include -I../Drivers/CMSIS/Include -O0 -ffunction-sections -fdata-sections -Wall -fstack-usage -fcyclomatic-complexity -MMD -MP -MF"Drivers/STM32L4xx_HAL_Driver/Src/stm32l4xx_hal_gpio.d" -MT"Drivers/STM32L4xx_HAL_Driver/Src/stm32l4xx_hal_gpio.o" --specs=nano.specs -mfpu=fpv4-sp-d16 -mfloat-abi=hard -mthumb -o "Drivers/STM32L4xx_HAL_Driver/Src/stm32l4xx_hal_gpio.o"
arm-none-eabi-gcc "../Drivers/STM32L4xx_HAL_Driver/Src/stm32l4xx_hal_lptim.c" -mcpu=cortex-m4 -std=gnu11 -g3 -DDEBUG -DUSE_HAL_DRIVER -DSTM32L432xx -c -I../Core/Inc -I../Drivers/STM32L4xx_HAL_Driver/Inc -I../Drivers/STM32L4xx_HAL_Driver/Inc/Legacy -I../Drivers/CMSIS/Device/ST/STM32L4xx/Include -I../Drivers/CMSIS/Include -O0 -ffunction-sections -fdata-sections -Wall -fstack-usage -fcyclomatic-complexity -MMD -MP -MF"Drivers/STM32L4xx_HAL_Driver/Src/stm32l4xx_hal_lptim.d" -MT"Drivers/STM32L4xx_HAL_Driver/Src/stm32l4xx_hal_lptim.o" --specs=nano.specs -mfpu=fpv4-sp-d16 -mfloat-abi=hard -mthumb -o "Drivers/STM32L4xx_HAL_Driver/Src/stm32l4xx_hal_lptim.o"
arm-none-eabi-gcc "../Drivers/STM32L4xx_HAL_Driver/Src/stm32l4xx_hal_pwr.c" -mcpu=cortex-m4 -std=gnu11 -g3 -DDEBUG -DUSE_HAL_DRIVER -DSTM32L432xx -c -I../Core/Inc -I../Drivers/STM32L4xx_HAL_Driver/Inc -I../Drivers/STM32L4xx_HAL_Driver/Inc/Legacy -I../Drivers/CMSIS/Device/ST/STM32L4xx/Include -I../Drivers/CMSIS/Include -O0 -ffunction-sections -fdata-sections -Wall -fstack-usage -fcyclomatic-complexity -MMD -MP -MF"Drivers/STM32L4xx_HAL_Driver/Src/stm32l4xx_hal_pwr.d" -MT"Drivers/STM32L4xx_HAL_Driver/Src/stm32l4xx_hal_pwr.o" --specs=nano.specs -mfpu=fpv4-sp-d16 -mfloat-abi=hard -mthumb -o "Drivers/STM32L4xx_HAL_Driver/Src/stm32l4xx_hal_pwr.o"
arm-none-eabi-gcc "../Drivers/STM32L4xx_HAL_Driver/Src/stm32l4xx_hal_pwr_ex.c" -mcpu=cortex-m4 -std=gnu11 -g3 -DDEBUG -DUSE_HAL_DRIVER -DSTM32L432xx -c -I../Core/Inc -I../Drivers/STM32L4xx_HAL_Driver/Inc -I../Drivers/STM32L4xx_HAL_Driver/Inc/Legacy -I../Drivers/CMSIS/Device/ST/STM32L4xx/Include -I../Drivers/CMSIS/Include -O0 -ffunction-sections -fdata-sections -Wall -fstack-usage -fcyclomatic-complexity -MMD -MP -MF"Drivers/STM32L4xx_HAL_Driver/Src/stm32l4xx_hal_pwr_ex.d" -MT"Drivers/STM32L4xx_HAL_Driver/Src/stm32l4xx_hal_pwr_ex.o" --specs=nano.specs -mfpu=fpv4-sp-d16 -mfloat-abi=hard -mthumb -o "Drivers/STM32L4xx_HAL_Driver/Src/stm32l4xx_hal_pwr_ex.o"
arm-none-eabi-gcc "../Drivers/STM32L4xx_HAL_Driver/Src/stm32l4xx_hal_rcc.c" -mcpu=cortex-m4 -std=gnu11 -g3 -DDEBUG -DUSE_HAL_DRIVER -DSTM32L432xx -c -I../Core/Inc -I../Drivers/STM32L4xx_HAL_Driver/Inc -I../Drivers/STM32L4xx_HAL_Driver/Inc/Legacy -I../Drivers/CMSIS/Device/ST/STM32L4xx/Include -I../Drivers/CMSIS/Include -O0 -ffunction-sections -fdata-sections -Wall -fstack-usage -fcyclomatic-complexity -MMD -MP -MF"Drivers/STM32L4xx_HAL_Driver/Src/stm32l4xx_hal_rcc.d" -MT"Drivers/STM32L4xx_HAL_Driver/Src/stm32l4xx_hal_rcc.o" --specs=nano.specs -mfpu=fpv4-sp-d16 -mfloat-abi=hard -mthumb -o "Drivers/STM32L4xx_HAL_Driver/Src/stm32l4xx_hal_rcc.o"
arm-none-eabi-gcc "../Drivers/STM32L4xx_HAL_Driver/Src/stm32l4xx_hal_rcc_ex.c" -mcpu=cortex-m4 -std=gnu11 -g3 -DDEBUG -DUSE_HAL_DRIVER -DSTM32L432xx -c -I../Core/Inc -I../Drivers/STM32L4xx_HAL_Driver/Inc -I../Drivers/STM32L4xx_HAL_Driver/Inc/Legacy -I../Drivers/CMSIS/Device/ST/STM32L4xx/Include -I../Drivers/CMSIS/Include -O0 -ffunction-sections -fdata-sections -Wall -fstack-usage -fcyclomatic-complexity -MMD -MP -MF"Drivers/STM32L4xx_HAL_Driver/Src/stm32l4xx_hal_rcc_ex.d" -MT"Drivers/STM32L4xx_HAL_Driver/Src/stm32l4xx_hal_rcc_ex.o" --specs=nano.specs -mfpu=fpv4-sp-d16 -mfloat-abi=hard -mthumb -o "Drivers/STM32L4xx_HAL_Driver/Src/stm32l4xx_hal_rcc_ex.o"
arm-none-eabi-gcc "../Drivers/STM32L4xx_HAL_Driver/Src/stm32l4xx_hal_tim.c" -mcpu=cortex-m4 -std=gnu11 -g3 -DDEBUG -DUSE_HAL_DRIVER -DSTM32L432xx -c -I../Core/Inc -I../Drivers/STM32L4xx_HAL_Driver/Inc -I../Drivers/STM32L4xx_HAL_Driver/Inc/Legacy -I../Drivers/CMSIS/Device/ST/STM32L4xx/Include -I../Drivers/CMSIS/Include -O0 -ffunction-sections -fdata-sections -Wall -fstack-usage -fcyclomatic-complexity -MMD -MP -MF"Drivers/STM32L4xx_HAL_Driver/Src/stm32l4xx_hal_tim.d" -MT"Drivers/STM32L4xx_HAL_Driver/Src/stm32l4xx_hal_tim.o" --specs=nano.specs -mfpu=fpv4-sp-d16 -mfloat-abi=hard -mthumb -o "Drivers/STM32L4xx_HAL_Driver/Src/stm32l4xx_hal_tim.o"
arm-none-eabi-gcc "../Drivers/STM32L4xx_HAL_Driver/Src/stm32l4xx_hal_tim_ex.c" -mcpu=cortex-m4 -std=gnu11 -g3 -DDEBUG -DUSE_HAL_DRIVER -DSTM32L432xx -c -I../Core/Inc -I../Drivers/STM32L4xx_HAL_Driver/Inc -I../Drivers/STM32L4xx_HAL_Driver/Inc/Legacy -I../Drivers/CMSIS/Device/ST/STM32L4xx/Include -I../Drivers/CMSIS/Include -O0 -ffunction-sections -fdata-sections -Wall -fstack-usage -fcyclomatic-complexity -MMD -MP -MF"Drivers/STM32L4xx_HAL_Driver/Src/stm32l4xx_hal_tim_ex.d" -MT"Drivers/STM32L4xx_HAL_Driver/Src/stm32l4xx_hal_tim_ex.o" --specs=nano.specs -mfpu=fpv4-sp-d16 -mfloat-abi=hard -mthumb -o "Drivers/STM32L4xx_HAL_Driver/Src/stm32l4xx_hal_tim_ex.o"
arm-none-eabi-gcc "../Drivers/STM32L4xx_HAL_Driver/Src/stm32l4xx_hal_uart.c" -mcpu=cortex-m4 -std=gnu11 -g3 -DDEBUG -DUSE_HAL_DRIVER -DSTM32L432xx -c -I../Core/Inc -I../Drivers/STM32L4xx_HAL_Driver/Inc -I../Drivers/STM32L4xx_HAL_Driver/Inc/Legacy -I../Drivers/CMSIS/Device/ST/STM32L4xx/Include -I../Drivers/CMSIS/Include -O0 -ffunction-sections -fdata-sections -Wall -fstack-usage -fcyclomatic-complexity -MMD -MP -MF"Drivers/STM32L4xx_HAL_Driver/Src/stm32l4xx_hal_uart.d" -MT"Drivers/STM32L4xx_HAL_Driver/Src/stm32l4xx_hal_uart.o" --specs=nano.specs -mfpu=fpv4-sp-d16 -mfloat-abi=hard -mthumb -o "Drivers/STM32L4xx_HAL_Driver/Src/stm32l4xx_hal_uart.o"
arm-none-eabi-gcc "../Drivers/STM32L4xx_HAL_Driver/Src/stm32l4xx_hal_uart_ex.c" -mcpu=cortex-m4 -std=gnu11 -g3 -DDEBUG -DUSE_HAL_DRIVER -DSTM32L432xx -c -I../Core/Inc -I../Drivers/STM32L4xx_HAL_Driver/Inc -I../Drivers/STM32L4xx_HAL_Driver/Inc/Legacy -I../Drivers/CMSIS/Device/ST/STM32L4xx/Include -I../Drivers/CMSIS/Include -O0 -ffunction-sections -fdata-sections -Wall -fstack-usage -fcyclomatic-complexity -MMD -MP -MF"Drivers/STM32L4xx_HAL_Driver/Src/stm32l4xx_hal_uart_ex.d" -MT"Drivers/STM32L4xx_HAL_Driver/Src/stm32l4xx_hal_uart_ex.o" --specs=nano.specs -mfpu=fpv4-sp-d16 -mfloat-abi=hard -mthumb -o "Drivers/STM32L4xx_HAL_Driver/Src/stm32l4xx_hal_uart_ex.o"
arm-none-eabi-gcc "../Core/Src/Clocks.c" -mcpu=cortex-m4 -std=gnu11 -g3 -DDEBUG -DUSE_HAL_DRIVER -DSTM32L432xx -c -I../Core/Inc -I../Drivers/STM32L4xx_HAL_Driver/Inc -I../Drivers/STM32L4xx_HAL_Driver/Inc/Legacy -I../Drivers/CMSIS/Device/ST/STM32L4xx/Include -I../Drivers/CMSIS/Include -O0 -ffunction-sections -fdata-sections -Wall -fstack-usage -fcyclomatic-complexity -MMD -MP -MF"Core/Src/Clocks.d" -MT"Core/Src/Clocks.o" --specs=nano.specs -mfpu=fpv4-sp-d16 -mfloat-abi=hard -mthumb -o "Core/Src/Clocks.o"
arm-none-eabi-gcc "../Core/Src/I2C.c" -mcpu=cortex-m4 -std=gnu11 -g3 -DDEBUG -DUSE_HAL_DRIVER -DSTM32L432xx -c -I../Core/Inc -I../Drivers/STM32L4xx_HAL_Driver/Inc -I../Drivers/STM32L4xx_HAL_Driver/Inc/Legacy -I../Drivers/CMSIS/Device/ST/STM32L4xx/Include -I../Drivers/CMSIS/Include -O0 -ffunction-sections -fdata-sections -Wall -fstack-usage -fcyclomatic-complexity -MMD -MP -MF"Core/Src/I2C.d" -MT"Core/Src/I2C.o" --specs=nano.specs -mfpu=fpv4-sp-d16 -mfloat-abi=hard -mthumb -o "Core/Src/I2C.o"
arm-none-eabi-gcc "../Core/Src/Port_Conf.c" -mcpu=cortex-m4 -std=gnu11 -g3 -DDEBUG -DUSE_HAL_DRIVER -DSTM32L432xx -c -I../Core/Inc -I../Drivers/STM32L4xx_HAL_Driver/Inc -I../Drivers/STM32L4xx_HAL_Driver/Inc/Legacy -I../Drivers/CMSIS/Device/ST/STM32L4xx/Include -I../Drivers/CMSIS/Include -O0 -ffunction-sections -fdata-sections -Wall -fstack-usage -fcyclomatic-complexity -MMD -MP -MF"Core/Src/Port_Conf.d" -MT"Core/Src/Port_Conf.o" --specs=nano.specs -mfpu=fpv4-sp-d16 -mfloat-abi=hard -mthumb -o "Core/Src/Port_Conf.o"
arm-none-eabi-gcc "../Core/Src/main.c" -mcpu=cortex-m4 -std=gnu11 -g3 -DDEBUG -DUSE_HAL_DRIVER -DSTM32L432xx -c -I../Core/Inc -I../Drivers/STM32L4xx_HAL_Driver/Inc -I../Drivers/STM32L4xx_HAL_Driver/Inc/Legacy -I../Drivers/CMSIS/Device/ST/STM32L4xx/Include -I../Drivers/CMSIS/Include -O0 -ffunction-sections -fdata-sections -Wall -fstack-usage -fcyclomatic-complexity -MMD -MP -MF"Core/Src/main.d" -MT"Core/Src/main.o" --specs=nano.specs -mfpu=fpv4-sp-d16 -mfloat-abi=hard -mthumb -o "Core/Src/main.o"
arm-none-eabi-gcc "../Core/Src/stm32l4xx_hal_msp.c" -mcpu=cortex-m4 -std=gnu11 -g3 -DDEBUG -DUSE_HAL_DRIVER -DSTM32L432xx -c -I../Core/Inc -I../Drivers/STM32L4xx_HAL_Driver/Inc -I../Drivers/STM32L4xx_HAL_Driver/Inc/Legacy -I../Drivers/CMSIS/Device/ST/STM32L4xx/Include -I../Drivers/CMSIS/Include -O0 -ffunction-sections -fdata-sections -Wall -fstack-usage -fcyclomatic-complexity -MMD -MP -MF"Core/Src/stm32l4xx_hal_msp.d" -MT"Core/Src/stm32l4xx_hal_msp.o" --specs=nano.specs -mfpu=fpv4-sp-d16 -mfloat-abi=hard -mthumb -o "Core/Src/stm32l4xx_hal_msp.o"
arm-none-eabi-gcc "../Core/Src/stm32l4xx_it.c" -mcpu=cortex-m4 -std=gnu11 -g3 -DDEBUG -DUSE_HAL_DRIVER -DSTM32L432xx -c -I../Core/Inc -I../Drivers/STM32L4xx_HAL_Driver/Inc -I../Drivers/STM32L4xx_HAL_Driver/Inc/Legacy -I../Drivers/CMSIS/Device/ST/STM32L4xx/Include -I../Drivers/CMSIS/Include -O0 -ffunction-sections -fdata-sections -Wall -fstack-usage -fcyclomatic-complexity -MMD -MP -MF"Core/Src/stm32l4xx_it.d" -MT"Core/Src/stm32l4xx_it.o" --specs=nano.specs -mfpu=fpv4-sp-d16 -mfloat-abi=hard -mthumb -o "Core/Src/stm32l4xx_it.o"
arm-none-eabi-gcc "../Core/Src/system_stm32l4xx.c" -mcpu=cortex-m4 -std=gnu11 -g3 -DDEBUG -DUSE_HAL_DRIVER -DSTM32L432xx -c -I../Core/Inc -I../Drivers/STM32L4xx_HAL_Driver/Inc -I../Drivers/STM32L4xx_HAL_Driver/Inc/Legacy -I../Drivers/CMSIS/Device/ST/STM32L4xx/Include -I../Drivers/CMSIS/Include -O0 -ffunction-sections -fdata-sections -Wall -fstack-usage -fcyclomatic-complexity -MMD -MP -MF"Core/Src/system_stm32l4xx.d" -MT"Core/Src/system_stm32l4xx.o" --specs=nano.specs -mfpu=fpv4-sp-d16 -mfloat-abi=hard -mthumb -o "Core/Src/system_stm32l4xx.o"
arm-none-eabi-g++ -o "OBC_Software.elf" @"objects.list"   -mcpu=cortex-m4 -T"/home/lucas/Documents/stage/flatsat/Software/OBC_L432KC_Software/OBC_Software/STM32L432KCUX_FLASH.ld" --specs=nosys.specs -Wl,-Map="OBC_Software.map" -Wl,--gc-sections -static --specs=nano.specs -mfpu=fpv4-sp-d16 -mfloat-abi=hard -mthumb -u _printf_float -Wl,--start-group -lc -lm -lstdc++ -lsupc++ -Wl,--end-group
Finished building target: OBC_Software.elf
 
arm-none-eabi-size   OBC_Software.elf 
arm-none-eabi-objdump -h -S  OBC_Software.elf  > "OBC_Software.list"
   text	   data	    bss	    dec	    hex	filename
  29076	    484	   1852	  31412	   7ab4	OBC_Software.elf
Finished building: default.size.stdout
 
Finished building: OBC_Software.list
 
14:42:17 **** Incremental Build of configuration Debug for project OBC_Software ****
make -j8 all 
arm-none-eabi-size   OBC_Software.elf 
   text	   data	    bss	    dec	    hex	filename
  29076	    484	   1852	  31412	   7ab4	OBC_Software.elf
Finished building: default.size.stdout
 
14:43:09 **** Incremental Build of configuration Debug for project OBC_Software ****
make -j8 all 
arm-none-eabi-size   OBC_Software.elf 
   text	   data	    bss	    dec	    hex	filename
  29076	    484	   1852	  31412	   7ab4	OBC_Software.elf
Finished building: default.size.stdout
 
14:44:06 **** Incremental Build of configuration Debug for project OBC_Software ****
make -j8 all 
arm-none-eabi-size   OBC_Software.elf 
   text	   data	    bss	    dec	    hex	filename
  29076	    484	   1852	  31412	   7ab4	OBC_Software.elf
Finished building: default.size.stdout
 
14:44:16 **** Incremental Build of configuration Debug for project OBC_Software ****
make -j8 all 
arm-none-eabi-size   OBC_Software.elf 
   text	   data	    bss	    dec	    hex	filename
  29076	    484	   1852	  31412	   7ab4	OBC_Software.elf
Finished building: default.size.stdout
 
14:51:26 **** Incremental Build of configuration Debug for project OBC_Software ****
make -j8 all 
arm-none-eabi-gcc "../Core/Src/I2C.c" -mcpu=cortex-m4 -std=gnu11 -g3 -DDEBUG -DUSE_HAL_DRIVER -DSTM32L432xx -c -I../Core/Inc -I../Drivers/STM32L4xx_HAL_Driver/Inc -I../Drivers/STM32L4xx_HAL_Driver/Inc/Legacy -I../Drivers/CMSIS/Device/ST/STM32L4xx/Include -I../Drivers/CMSIS/Include -O0 -ffunction-sections -fdata-sections -Wall -fstack-usage -fcyclomatic-complexity -MMD -MP -MF"Core/Src/I2C.d" -MT"Core/Src/I2C.o" --specs=nano.specs -mfpu=fpv4-sp-d16 -mfloat-abi=hard -mthumb -o "Core/Src/I2C.o"
arm-none-eabi-g++ -o "OBC_Software.elf" @"objects.list"   -mcpu=cortex-m4 -T"/home/lucas/Documents/stage/flatsat/Software/OBC_L432KC_Software/OBC_Software/STM32L432KCUX_FLASH.ld" --specs=nosys.specs -Wl,-Map="OBC_Software.map" -Wl,--gc-sections -static --specs=nano.specs -mfpu=fpv4-sp-d16 -mfloat-abi=hard -mthumb -u _printf_float -Wl,--start-group -lc -lm -lstdc++ -lsupc++ -Wl,--end-group
Finished building target: OBC_Software.elf
 
arm-none-eabi-size   OBC_Software.elf 
arm-none-eabi-objdump -h -S  OBC_Software.elf  > "OBC_Software.list"
   text	   data	    bss	    dec	    hex	filename
  29076	    484	   1852	  31412	   7ab4	OBC_Software.elf
Finished building: default.size.stdout
 
Finished building: OBC_Software.list
 
15:03:18 **** Incremental Build of configuration Debug for project OBC_Software ****
make -j8 all 
arm-none-eabi-size   OBC_Software.elf 
   text	   data	    bss	    dec	    hex	filename
  29076	    484	   1852	  31412	   7ab4	OBC_Software.elf
Finished building: default.size.stdout
 
15:11:10 **** Incremental Build of configuration Debug for project OBC_Software ****
make -j8 all 
arm-none-eabi-gcc "../Core/Src/I2C.c" -mcpu=cortex-m4 -std=gnu11 -g3 -DDEBUG -DUSE_HAL_DRIVER -DSTM32L432xx -c -I../Core/Inc -I../Drivers/STM32L4xx_HAL_Driver/Inc -I../Drivers/STM32L4xx_HAL_Driver/Inc/Legacy -I../Drivers/CMSIS/Device/ST/STM32L4xx/Include -I../Drivers/CMSIS/Include -O0 -ffunction-sections -fdata-sections -Wall -fstack-usage -fcyclomatic-complexity -MMD -MP -MF"Core/Src/I2C.d" -MT"Core/Src/I2C.o" --specs=nano.specs -mfpu=fpv4-sp-d16 -mfloat-abi=hard -mthumb -o "Core/Src/I2C.o"
arm-none-eabi-g++ -o "OBC_Software.elf" @"objects.list"   -mcpu=cortex-m4 -T"/home/lucas/Documents/stage/flatsat/Software/OBC_L432KC_Software/OBC_Software/STM32L432KCUX_FLASH.ld" --specs=nosys.specs -Wl,-Map="OBC_Software.map" -Wl,--gc-sections -static --specs=nano.specs -mfpu=fpv4-sp-d16 -mfloat-abi=hard -mthumb -u _printf_float -Wl,--start-group -lc -lm -lstdc++ -lsupc++ -Wl,--end-group
Finished building target: OBC_Software.elf
 
arm-none-eabi-size   OBC_Software.elf 
arm-none-eabi-objdump -h -S  OBC_Software.elf  > "OBC_Software.list"
   text	   data	    bss	    dec	    hex	filename
  29076	    484	   1852	  31412	   7ab4	OBC_Software.elf
Finished building: default.size.stdout
 
Finished building: OBC_Software.list
 
15:11:24 **** Incremental Build of configuration Debug for project OBC_Software ****
make -j8 all 
arm-none-eabi-size   OBC_Software.elf 
   text	   data	    bss	    dec	    hex	filename
  29076	    484	   1852	  31412	   7ab4	OBC_Software.elf
Finished building: default.size.stdout
 
15:21:30 **** Incremental Build of configuration Debug for project OBC_Software ****
make -j8 all 
arm-none-eabi-size   OBC_Software.elf 
   text	   data	    bss	    dec	    hex	filename
  29076	    484	   1852	  31412	   7ab4	OBC_Software.elf
Finished building: default.size.stdout
 
15:35:16 **** Incremental Build of configuration Debug for project OBC_Software ****
make -j8 all 
arm-none-eabi-gcc "../Core/Src/Port_Conf.c" -mcpu=cortex-m4 -std=gnu11 -g3 -DDEBUG -DUSE_HAL_DRIVER -DSTM32L432xx -c -I../Core/Inc -I../Drivers/STM32L4xx_HAL_Driver/Inc -I../Drivers/STM32L4xx_HAL_Driver/Inc/Legacy -I../Drivers/CMSIS/Device/ST/STM32L4xx/Include -I../Drivers/CMSIS/Include -O0 -ffunction-sections -fdata-sections -Wall -fstack-usage -fcyclomatic-complexity -MMD -MP -MF"Core/Src/Port_Conf.d" -MT"Core/Src/Port_Conf.o" --specs=nano.specs -mfpu=fpv4-sp-d16 -mfloat-abi=hard -mthumb -o "Core/Src/Port_Conf.o"
arm-none-eabi-g++ -o "OBC_Software.elf" @"objects.list"   -mcpu=cortex-m4 -T"/home/lucas/Documents/stage/flatsat/Software/OBC_L432KC_Software/OBC_Software/STM32L432KCUX_FLASH.ld" --specs=nosys.specs -Wl,-Map="OBC_Software.map" -Wl,--gc-sections -static --specs=nano.specs -mfpu=fpv4-sp-d16 -mfloat-abi=hard -mthumb -u _printf_float -Wl,--start-group -lc -lm -lstdc++ -lsupc++ -Wl,--end-group
Finished building target: OBC_Software.elf
 
arm-none-eabi-size   OBC_Software.elf 
arm-none-eabi-objdump -h -S  OBC_Software.elf  > "OBC_Software.list"
   text	   data	    bss	    dec	    hex	filename
  29108	    484	   1852	  31444	   7ad4	OBC_Software.elf
Finished building: default.size.stdout
 
Finished building: OBC_Software.list
 
15:36:08 **** Incremental Build of configuration Debug for project OBC_Software ****
make -j8 all 
arm-none-eabi-size   OBC_Software.elf 
   text	   data	    bss	    dec	    hex	filename
  29108	    484	   1852	  31444	   7ad4	OBC_Software.elf
Finished building: default.size.stdout
 
15:39:37 **** Incremental Build of configuration Debug for project OBC_Software ****
make -j8 all 
arm-none-eabi-size   OBC_Software.elf 
   text	   data	    bss	    dec	    hex	filename
  29108	    484	   1852	  31444	   7ad4	OBC_Software.elf
Finished building: default.size.stdout
 
15:45:51 **** Incremental Build of configuration Debug for project OBC_Software ****
make -j8 all 
arm-none-eabi-size   OBC_Software.elf 
   text	   data	    bss	    dec	    hex	filename
  29108	    484	   1852	  31444	   7ad4	OBC_Software.elf
Finished building: default.size.stdout
 
15:46:25 **** Incremental Build of configuration Debug for project OBC_Software ****
make -j8 all 
arm-none-eabi-size   OBC_Software.elf 
   text	   data	    bss	    dec	    hex	filename
  29108	    484	   1852	  31444	   7ad4	OBC_Software.elf
Finished building: default.size.stdout
 
15:52:50 **** Incremental Build of configuration Debug for project OBC_Software ****
make -j8 all 
arm-none-eabi-size   OBC_Software.elf 
   text	   data	    bss	    dec	    hex	filename
  29108	    484	   1852	  31444	   7ad4	OBC_Software.elf
Finished building: default.size.stdout
 
15:53:02 **** Incremental Build of configuration Debug for project OBC_Software ****
make -j8 all 
arm-none-eabi-size   OBC_Software.elf 
   text	   data	    bss	    dec	    hex	filename
  29108	    484	   1852	  31444	   7ad4	OBC_Software.elf
Finished building: default.size.stdout
 
15:53:46 **** Incremental Build of configuration Debug for project OBC_Software ****
make -j8 all 
arm-none-eabi-size   OBC_Software.elf 
   text	   data	    bss	    dec	    hex	filename
  29108	    484	   1852	  31444	   7ad4	OBC_Software.elf
Finished building: default.size.stdout
 
15:57:14 **** Incremental Build of configuration Debug for project OBC_Software ****
make -j8 all 
arm-none-eabi-size   OBC_Software.elf 
   text	   data	    bss	    dec	    hex	filename
  29108	    484	   1852	  31444	   7ad4	OBC_Software.elf
Finished building: default.size.stdout
 
16:22:45 **** Incremental Build of configuration Debug for project OBC_Software ****
make -j8 all 
arm-none-eabi-gcc "../Core/Src/I2C.c" -mcpu=cortex-m4 -std=gnu11 -g3 -DDEBUG -DUSE_HAL_DRIVER -DSTM32L432xx -c -I../Core/Inc -I../Drivers/STM32L4xx_HAL_Driver/Inc -I../Drivers/STM32L4xx_HAL_Driver/Inc/Legacy -I../Drivers/CMSIS/Device/ST/STM32L4xx/Include -I../Drivers/CMSIS/Include -O0 -ffunction-sections -fdata-sections -Wall -fstack-usage -fcyclomatic-complexity -MMD -MP -MF"Core/Src/I2C.d" -MT"Core/Src/I2C.o" --specs=nano.specs -mfpu=fpv4-sp-d16 -mfloat-abi=hard -mthumb -o "Core/Src/I2C.o"
arm-none-eabi-gcc "../Core/Src/main.c" -mcpu=cortex-m4 -std=gnu11 -g3 -DDEBUG -DUSE_HAL_DRIVER -DSTM32L432xx -c -I../Core/Inc -I../Drivers/STM32L4xx_HAL_Driver/Inc -I../Drivers/STM32L4xx_HAL_Driver/Inc/Legacy -I../Drivers/CMSIS/Device/ST/STM32L4xx/Include -I../Drivers/CMSIS/Include -O0 -ffunction-sections -fdata-sections -Wall -fstack-usage -fcyclomatic-complexity -MMD -MP -MF"Core/Src/main.d" -MT"Core/Src/main.o" --specs=nano.specs -mfpu=fpv4-sp-d16 -mfloat-abi=hard -mthumb -o "Core/Src/main.o"
../Core/Src/I2C.c: In function 'I2C_Write_Adress':
../Core/Src/I2C.c:204:16: error: 'Address' undeclared (first use in this function); did you mean 'adress'?
  204 |  I2C1->CR2 |= (Address << 1);
      |                ^~~~~~~
      |                adress
../Core/Src/I2C.c:204:16: note: each undeclared identifier is reported only once for each function it appears in
make: *** [Core/Src/subdir.mk:46: Core/Src/I2C.o] Error 1
make: *** Waiting for unfinished jobs....
../Core/Src/main.c: In function 'main':
../Core/Src/main.c:104:11: warning: unused variable 'buffer' [-Wunused-variable]
  104 |  uint8_t *buffer=0;
      |           ^~~~~~
"make -j8 all" terminated with exit code 2. Build might be incomplete.
16:23:09 **** Incremental Build of configuration Debug for project OBC_Software ****
make -j8 all 
arm-none-eabi-gcc "../Core/Src/I2C.c" -mcpu=cortex-m4 -std=gnu11 -g3 -DDEBUG -DUSE_HAL_DRIVER -DSTM32L432xx -c -I../Core/Inc -I../Drivers/STM32L4xx_HAL_Driver/Inc -I../Drivers/STM32L4xx_HAL_Driver/Inc/Legacy -I../Drivers/CMSIS/Device/ST/STM32L4xx/Include -I../Drivers/CMSIS/Include -O0 -ffunction-sections -fdata-sections -Wall -fstack-usage -fcyclomatic-complexity -MMD -MP -MF"Core/Src/I2C.d" -MT"Core/Src/I2C.o" --specs=nano.specs -mfpu=fpv4-sp-d16 -mfloat-abi=hard -mthumb -o "Core/Src/I2C.o"
../Core/Src/I2C.c: In function 'I2C_Write_Adress':
../Core/Src/I2C.c:204:16: error: 'address' undeclared (first use in this function); did you mean 'adress'?
  204 |  I2C1->CR2 |= (address << 1);
      |                ^~~~~~~
      |                adress
../Core/Src/I2C.c:204:16: note: each undeclared identifier is reported only once for each function it appears in
make: *** [Core/Src/subdir.mk:46: Core/Src/I2C.o] Error 1
"make -j8 all" terminated with exit code 2. Build might be incomplete.
16:23:37 **** Incremental Build of configuration Debug for project OBC_Software ****
make -j8 all 
arm-none-eabi-gcc "../Core/Src/I2C.c" -mcpu=cortex-m4 -std=gnu11 -g3 -DDEBUG -DUSE_HAL_DRIVER -DSTM32L432xx -c -I../Core/Inc -I../Drivers/STM32L4xx_HAL_Driver/Inc -I../Drivers/STM32L4xx_HAL_Driver/Inc/Legacy -I../Drivers/CMSIS/Device/ST/STM32L4xx/Include -I../Drivers/CMSIS/Include -O0 -ffunction-sections -fdata-sections -Wall -fstack-usage -fcyclomatic-complexity -MMD -MP -MF"Core/Src/I2C.d" -MT"Core/Src/I2C.o" --specs=nano.specs -mfpu=fpv4-sp-d16 -mfloat-abi=hard -mthumb -o "Core/Src/I2C.o"
arm-none-eabi-gcc "../Core/Src/main.c" -mcpu=cortex-m4 -std=gnu11 -g3 -DDEBUG -DUSE_HAL_DRIVER -DSTM32L432xx -c -I../Core/Inc -I../Drivers/STM32L4xx_HAL_Driver/Inc -I../Drivers/STM32L4xx_HAL_Driver/Inc/Legacy -I../Drivers/CMSIS/Device/ST/STM32L4xx/Include -I../Drivers/CMSIS/Include -O0 -ffunction-sections -fdata-sections -Wall -fstack-usage -fcyclomatic-complexity -MMD -MP -MF"Core/Src/main.d" -MT"Core/Src/main.o" --specs=nano.specs -mfpu=fpv4-sp-d16 -mfloat-abi=hard -mthumb -o "Core/Src/main.o"
../Core/Src/main.c: In function 'main':
../Core/Src/main.c:104:11: warning: unused variable 'buffer' [-Wunused-variable]
  104 |  uint8_t *buffer=0;
      |           ^~~~~~
arm-none-eabi-g++ -o "OBC_Software.elf" @"objects.list"   -mcpu=cortex-m4 -T"/home/lucas/Documents/stage/flatsat/Software/OBC_L432KC_Software/OBC_Software/STM32L432KCUX_FLASH.ld" --specs=nosys.specs -Wl,-Map="OBC_Software.map" -Wl,--gc-sections -static --specs=nano.specs -mfpu=fpv4-sp-d16 -mfloat-abi=hard -mthumb -u _printf_float -Wl,--start-group -lc -lm -lstdc++ -lsupc++ -Wl,--end-group
Finished building target: OBC_Software.elf
 
arm-none-eabi-size   OBC_Software.elf 
arm-none-eabi-objdump -h -S  OBC_Software.elf  > "OBC_Software.list"
   text	   data	    bss	    dec	    hex	filename
  28760	    484	   1852	  31096	   7978	OBC_Software.elf
Finished building: default.size.stdout
 
Finished building: OBC_Software.list
 
16:24:03 **** Incremental Build of configuration Debug for project OBC_Software ****
make -j8 all 
arm-none-eabi-size   OBC_Software.elf 
   text	   data	    bss	    dec	    hex	filename
  28760	    484	   1852	  31096	   7978	OBC_Software.elf
Finished building: default.size.stdout
 
16:24:58 **** Incremental Build of configuration Debug for project OBC_Software ****
make -j8 all 
arm-none-eabi-size   OBC_Software.elf 
   text	   data	    bss	    dec	    hex	filename
  28760	    484	   1852	  31096	   7978	OBC_Software.elf
Finished building: default.size.stdout
 
16:25:10 **** Incremental Build of configuration Debug for project OBC_Software ****
make -j8 all 
arm-none-eabi-size   OBC_Software.elf 
   text	   data	    bss	    dec	    hex	filename
  28760	    484	   1852	  31096	   7978	OBC_Software.elf
Finished building: default.size.stdout
 
16:29:10 **** Incremental Build of configuration Debug for project OBC_Software ****
make -j8 all 
arm-none-eabi-gcc "../Core/Src/I2C.c" -mcpu=cortex-m4 -std=gnu11 -g3 -DDEBUG -DUSE_HAL_DRIVER -DSTM32L432xx -c -I../Core/Inc -I../Drivers/STM32L4xx_HAL_Driver/Inc -I../Drivers/STM32L4xx_HAL_Driver/Inc/Legacy -I../Drivers/CMSIS/Device/ST/STM32L4xx/Include -I../Drivers/CMSIS/Include -O0 -ffunction-sections -fdata-sections -Wall -fstack-usage -fcyclomatic-complexity -MMD -MP -MF"Core/Src/I2C.d" -MT"Core/Src/I2C.o" --specs=nano.specs -mfpu=fpv4-sp-d16 -mfloat-abi=hard -mthumb -o "Core/Src/I2C.o"
arm-none-eabi-g++ -o "OBC_Software.elf" @"objects.list"   -mcpu=cortex-m4 -T"/home/lucas/Documents/stage/flatsat/Software/OBC_L432KC_Software/OBC_Software/STM32L432KCUX_FLASH.ld" --specs=nosys.specs -Wl,-Map="OBC_Software.map" -Wl,--gc-sections -static --specs=nano.specs -mfpu=fpv4-sp-d16 -mfloat-abi=hard -mthumb -u _printf_float -Wl,--start-group -lc -lm -lstdc++ -lsupc++ -Wl,--end-group
Finished building target: OBC_Software.elf
 
arm-none-eabi-size   OBC_Software.elf 
arm-none-eabi-objdump -h -S  OBC_Software.elf  > "OBC_Software.list"
   text	   data	    bss	    dec	    hex	filename
  28752	    484	   1852	  31088	   7970	OBC_Software.elf
Finished building: default.size.stdout
 
Finished building: OBC_Software.list
 
16:29:22 **** Incremental Build of configuration Debug for project OBC_Software ****
make -j8 all 
arm-none-eabi-size   OBC_Software.elf 
   text	   data	    bss	    dec	    hex	filename
  28752	    484	   1852	  31088	   7970	OBC_Software.elf
Finished building: default.size.stdout
 
16:33:06 **** Incremental Build of configuration Debug for project OBC_Software ****
make -j8 all 
arm-none-eabi-gcc "../Core/Src/I2C.c" -mcpu=cortex-m4 -std=gnu11 -g3 -DDEBUG -DUSE_HAL_DRIVER -DSTM32L432xx -c -I../Core/Inc -I../Drivers/STM32L4xx_HAL_Driver/Inc -I../Drivers/STM32L4xx_HAL_Driver/Inc/Legacy -I../Drivers/CMSIS/Device/ST/STM32L4xx/Include -I../Drivers/CMSIS/Include -O0 -ffunction-sections -fdata-sections -Wall -fstack-usage -fcyclomatic-complexity -MMD -MP -MF"Core/Src/I2C.d" -MT"Core/Src/I2C.o" --specs=nano.specs -mfpu=fpv4-sp-d16 -mfloat-abi=hard -mthumb -o "Core/Src/I2C.o"
arm-none-eabi-g++ -o "OBC_Software.elf" @"objects.list"   -mcpu=cortex-m4 -T"/home/lucas/Documents/stage/flatsat/Software/OBC_L432KC_Software/OBC_Software/STM32L432KCUX_FLASH.ld" --specs=nosys.specs -Wl,-Map="OBC_Software.map" -Wl,--gc-sections -static --specs=nano.specs -mfpu=fpv4-sp-d16 -mfloat-abi=hard -mthumb -u _printf_float -Wl,--start-group -lc -lm -lstdc++ -lsupc++ -Wl,--end-group
Finished building target: OBC_Software.elf
 
arm-none-eabi-size   OBC_Software.elf 
arm-none-eabi-objdump -h -S  OBC_Software.elf  > "OBC_Software.list"
   text	   data	    bss	    dec	    hex	filename
  28752	    484	   1852	  31088	   7970	OBC_Software.elf
Finished building: default.size.stdout
 
Finished building: OBC_Software.list
 
16:33:24 **** Incremental Build of configuration Debug for project OBC_Software ****
make -j8 all 
arm-none-eabi-size   OBC_Software.elf 
   text	   data	    bss	    dec	    hex	filename
  28752	    484	   1852	  31088	   7970	OBC_Software.elf
Finished building: default.size.stdout
 
16:36:26 **** Incremental Build of configuration Debug for project OBC_Software ****
make -j8 all 
arm-none-eabi-size   OBC_Software.elf 
   text	   data	    bss	    dec	    hex	filename
  28752	    484	   1852	  31088	   7970	OBC_Software.elf
Finished building: default.size.stdout
 
16:42:39 **** Incremental Build of configuration Debug for project OBC_Software ****
make -j8 all 
arm-none-eabi-gcc "../Core/Src/I2C.c" -mcpu=cortex-m4 -std=gnu11 -g3 -DDEBUG -DUSE_HAL_DRIVER -DSTM32L432xx -c -I../Core/Inc -I../Drivers/STM32L4xx_HAL_Driver/Inc -I../Drivers/STM32L4xx_HAL_Driver/Inc/Legacy -I../Drivers/CMSIS/Device/ST/STM32L4xx/Include -I../Drivers/CMSIS/Include -O0 -ffunction-sections -fdata-sections -Wall -fstack-usage -fcyclomatic-complexity -MMD -MP -MF"Core/Src/I2C.d" -MT"Core/Src/I2C.o" --specs=nano.specs -mfpu=fpv4-sp-d16 -mfloat-abi=hard -mthumb -o "Core/Src/I2C.o"
arm-none-eabi-g++ -o "OBC_Software.elf" @"objects.list"   -mcpu=cortex-m4 -T"/home/lucas/Documents/stage/flatsat/Software/OBC_L432KC_Software/OBC_Software/STM32L432KCUX_FLASH.ld" --specs=nosys.specs -Wl,-Map="OBC_Software.map" -Wl,--gc-sections -static --specs=nano.specs -mfpu=fpv4-sp-d16 -mfloat-abi=hard -mthumb -u _printf_float -Wl,--start-group -lc -lm -lstdc++ -lsupc++ -Wl,--end-group
Finished building target: OBC_Software.elf
 
arm-none-eabi-size   OBC_Software.elf 
arm-none-eabi-objdump -h -S  OBC_Software.elf  > "OBC_Software.list"
   text	   data	    bss	    dec	    hex	filename
  28752	    484	   1852	  31088	   7970	OBC_Software.elf
Finished building: default.size.stdout
 
Finished building: OBC_Software.list
 
16:45:24 **** Incremental Build of configuration Debug for project OBC_Software ****
make -j8 all 
arm-none-eabi-gcc "../Core/Src/I2C.c" -mcpu=cortex-m4 -std=gnu11 -g3 -DDEBUG -DUSE_HAL_DRIVER -DSTM32L432xx -c -I../Core/Inc -I../Drivers/STM32L4xx_HAL_Driver/Inc -I../Drivers/STM32L4xx_HAL_Driver/Inc/Legacy -I../Drivers/CMSIS/Device/ST/STM32L4xx/Include -I../Drivers/CMSIS/Include -O0 -ffunction-sections -fdata-sections -Wall -fstack-usage -fcyclomatic-complexity -MMD -MP -MF"Core/Src/I2C.d" -MT"Core/Src/I2C.o" --specs=nano.specs -mfpu=fpv4-sp-d16 -mfloat-abi=hard -mthumb -o "Core/Src/I2C.o"
arm-none-eabi-g++ -o "OBC_Software.elf" @"objects.list"   -mcpu=cortex-m4 -T"/home/lucas/Documents/stage/flatsat/Software/OBC_L432KC_Software/OBC_Software/STM32L432KCUX_FLASH.ld" --specs=nosys.specs -Wl,-Map="OBC_Software.map" -Wl,--gc-sections -static --specs=nano.specs -mfpu=fpv4-sp-d16 -mfloat-abi=hard -mthumb -u _printf_float -Wl,--start-group -lc -lm -lstdc++ -lsupc++ -Wl,--end-group
Finished building target: OBC_Software.elf
 
arm-none-eabi-size   OBC_Software.elf 
arm-none-eabi-objdump -h -S  OBC_Software.elf  > "OBC_Software.list"
   text	   data	    bss	    dec	    hex	filename
  28752	    484	   1852	  31088	   7970	OBC_Software.elf
Finished building: default.size.stdout
 
Finished building: OBC_Software.list
 
16:47:59 **** Incremental Build of configuration Debug for project OBC_Software ****
make -j8 all 
arm-none-eabi-gcc "../Core/Src/I2C.c" -mcpu=cortex-m4 -std=gnu11 -g3 -DDEBUG -DUSE_HAL_DRIVER -DSTM32L432xx -c -I../Core/Inc -I../Drivers/STM32L4xx_HAL_Driver/Inc -I../Drivers/STM32L4xx_HAL_Driver/Inc/Legacy -I../Drivers/CMSIS/Device/ST/STM32L4xx/Include -I../Drivers/CMSIS/Include -O0 -ffunction-sections -fdata-sections -Wall -fstack-usage -fcyclomatic-complexity -MMD -MP -MF"Core/Src/I2C.d" -MT"Core/Src/I2C.o" --specs=nano.specs -mfpu=fpv4-sp-d16 -mfloat-abi=hard -mthumb -o "Core/Src/I2C.o"
arm-none-eabi-gcc "../Core/Src/main.c" -mcpu=cortex-m4 -std=gnu11 -g3 -DDEBUG -DUSE_HAL_DRIVER -DSTM32L432xx -c -I../Core/Inc -I../Drivers/STM32L4xx_HAL_Driver/Inc -I../Drivers/STM32L4xx_HAL_Driver/Inc/Legacy -I../Drivers/CMSIS/Device/ST/STM32L4xx/Include -I../Drivers/CMSIS/Include -O0 -ffunction-sections -fdata-sections -Wall -fstack-usage -fcyclomatic-complexity -MMD -MP -MF"Core/Src/main.d" -MT"Core/Src/main.o" --specs=nano.specs -mfpu=fpv4-sp-d16 -mfloat-abi=hard -mthumb -o "Core/Src/main.o"
../Core/Src/main.c: In function 'main':
../Core/Src/main.c:140:39: warning: passing argument 2 of 'I2C_Write_Adress' makes pointer from integer without a cast [-Wint-conversion]
  140 |   I2C_Write_Adress(MPL3115A2_ADDRESS, 0x55, 1);
      |                                       ^~~~
      |                                       |
      |                                       int
In file included from ../Core/Src/main.c:30:
../Core/Inc/I2C.h:18:49: note: expected 'uint8_t *' {aka 'unsigned char *'} but argument is of type 'int'
   18 | void I2C_Write_Adress(uint8_t address, uint8_t *data, uint8_t size);
      |                                        ~~~~~~~~~^~~~
../Core/Src/main.c:104:11: warning: unused variable 'buffer' [-Wunused-variable]
  104 |  uint8_t *buffer=0;
      |           ^~~~~~
arm-none-eabi-g++ -o "OBC_Software.elf" @"objects.list"   -mcpu=cortex-m4 -T"/home/lucas/Documents/stage/flatsat/Software/OBC_L432KC_Software/OBC_Software/STM32L432KCUX_FLASH.ld" --specs=nosys.specs -Wl,-Map="OBC_Software.map" -Wl,--gc-sections -static --specs=nano.specs -mfpu=fpv4-sp-d16 -mfloat-abi=hard -mthumb -u _printf_float -Wl,--start-group -lc -lm -lstdc++ -lsupc++ -Wl,--end-group
Finished building target: OBC_Software.elf
 
arm-none-eabi-size   OBC_Software.elf 
arm-none-eabi-objdump -h -S  OBC_Software.elf  > "OBC_Software.list"
   text	   data	    bss	    dec	    hex	filename
  28752	    484	   1852	  31088	   7970	OBC_Software.elf
Finished building: default.size.stdout
 
Finished building: OBC_Software.list
 
16:49:38 **** Incremental Build of configuration Debug for project OBC_Software ****
make -j8 all 
arm-none-eabi-gcc "../Core/Src/main.c" -mcpu=cortex-m4 -std=gnu11 -g3 -DDEBUG -DUSE_HAL_DRIVER -DSTM32L432xx -c -I../Core/Inc -I../Drivers/STM32L4xx_HAL_Driver/Inc -I../Drivers/STM32L4xx_HAL_Driver/Inc/Legacy -I../Drivers/CMSIS/Device/ST/STM32L4xx/Include -I../Drivers/CMSIS/Include -O0 -ffunction-sections -fdata-sections -Wall -fstack-usage -fcyclomatic-complexity -MMD -MP -MF"Core/Src/main.d" -MT"Core/Src/main.o" --specs=nano.specs -mfpu=fpv4-sp-d16 -mfloat-abi=hard -mthumb -o "Core/Src/main.o"
../Core/Src/main.c: In function 'main':
../Core/Src/main.c:105:19: warning: initialization of 'uint8_t *' {aka 'unsigned char *'} from 'int' makes pointer from integer without a cast [-Wint-conversion]
  105 |  uint8_t *debug = 0x55;
      |                   ^~~~
../Core/Src/main.c:104:11: warning: unused variable 'buffer' [-Wunused-variable]
  104 |  uint8_t *buffer=0;
      |           ^~~~~~
arm-none-eabi-g++ -o "OBC_Software.elf" @"objects.list"   -mcpu=cortex-m4 -T"/home/lucas/Documents/stage/flatsat/Software/OBC_L432KC_Software/OBC_Software/STM32L432KCUX_FLASH.ld" --specs=nosys.specs -Wl,-Map="OBC_Software.map" -Wl,--gc-sections -static --specs=nano.specs -mfpu=fpv4-sp-d16 -mfloat-abi=hard -mthumb -u _printf_float -Wl,--start-group -lc -lm -lstdc++ -lsupc++ -Wl,--end-group
Finished building target: OBC_Software.elf
 
arm-none-eabi-size   OBC_Software.elf 
arm-none-eabi-objdump -h -S  OBC_Software.elf  > "OBC_Software.list"
   text	   data	    bss	    dec	    hex	filename
  28760	    484	   1852	  31096	   7978	OBC_Software.elf
Finished building: default.size.stdout
 
Finished building: OBC_Software.list
 
16:50:15 **** Incremental Build of configuration Debug for project OBC_Software ****
make -j8 all 
arm-none-eabi-gcc "../Core/Src/I2C.c" -mcpu=cortex-m4 -std=gnu11 -g3 -DDEBUG -DUSE_HAL_DRIVER -DSTM32L432xx -c -I../Core/Inc -I../Drivers/STM32L4xx_HAL_Driver/Inc -I../Drivers/STM32L4xx_HAL_Driver/Inc/Legacy -I../Drivers/CMSIS/Device/ST/STM32L4xx/Include -I../Drivers/CMSIS/Include -O0 -ffunction-sections -fdata-sections -Wall -fstack-usage -fcyclomatic-complexity -MMD -MP -MF"Core/Src/I2C.d" -MT"Core/Src/I2C.o" --specs=nano.specs -mfpu=fpv4-sp-d16 -mfloat-abi=hard -mthumb -o "Core/Src/I2C.o"
arm-none-eabi-g++ -o "OBC_Software.elf" @"objects.list"   -mcpu=cortex-m4 -T"/home/lucas/Documents/stage/flatsat/Software/OBC_L432KC_Software/OBC_Software/STM32L432KCUX_FLASH.ld" --specs=nosys.specs -Wl,-Map="OBC_Software.map" -Wl,--gc-sections -static --specs=nano.specs -mfpu=fpv4-sp-d16 -mfloat-abi=hard -mthumb -u _printf_float -Wl,--start-group -lc -lm -lstdc++ -lsupc++ -Wl,--end-group
Finished building target: OBC_Software.elf
 
arm-none-eabi-size   OBC_Software.elf 
arm-none-eabi-objdump -h -S  OBC_Software.elf  > "OBC_Software.list"
   text	   data	    bss	    dec	    hex	filename
  28760	    484	   1852	  31096	   7978	OBC_Software.elf
Finished building: default.size.stdout
 
Finished building: OBC_Software.list
 
16:50:39 **** Incremental Build of configuration Debug for project OBC_Software ****
make -j8 all 
arm-none-eabi-size   OBC_Software.elf 
   text	   data	    bss	    dec	    hex	filename
  28760	    484	   1852	  31096	   7978	OBC_Software.elf
Finished building: default.size.stdout
 
16:52:54 **** Incremental Build of configuration Debug for project OBC_Software ****
make -j8 all 
arm-none-eabi-gcc "../Core/Src/main.c" -mcpu=cortex-m4 -std=gnu11 -g3 -DDEBUG -DUSE_HAL_DRIVER -DSTM32L432xx -c -I../Core/Inc -I../Drivers/STM32L4xx_HAL_Driver/Inc -I../Drivers/STM32L4xx_HAL_Driver/Inc/Legacy -I../Drivers/CMSIS/Device/ST/STM32L4xx/Include -I../Drivers/CMSIS/Include -O0 -ffunction-sections -fdata-sections -Wall -fstack-usage -fcyclomatic-complexity -MMD -MP -MF"Core/Src/main.d" -MT"Core/Src/main.o" --specs=nano.specs -mfpu=fpv4-sp-d16 -mfloat-abi=hard -mthumb -o "Core/Src/main.o"
../Core/Src/main.c: In function 'main':
../Core/Src/main.c:105:19: warning: initialization of 'uint8_t *' {aka 'unsigned char *'} from 'int' makes pointer from integer without a cast [-Wint-conversion]
  105 |  uint8_t *debug = 0x55;
      |                   ^~~~
../Core/Src/main.c:105:11: warning: unused variable 'debug' [-Wunused-variable]
  105 |  uint8_t *debug = 0x55;
      |           ^~~~~
../Core/Src/main.c:104:11: warning: unused variable 'buffer' [-Wunused-variable]
  104 |  uint8_t *buffer=0;
      |           ^~~~~~
arm-none-eabi-g++ -o "OBC_Software.elf" @"objects.list"   -mcpu=cortex-m4 -T"/home/lucas/Documents/stage/flatsat/Software/OBC_L432KC_Software/OBC_Software/STM32L432KCUX_FLASH.ld" --specs=nosys.specs -Wl,-Map="OBC_Software.map" -Wl,--gc-sections -static --specs=nano.specs -mfpu=fpv4-sp-d16 -mfloat-abi=hard -mthumb -u _printf_float -Wl,--start-group -lc -lm -lstdc++ -lsupc++ -Wl,--end-group
Finished building target: OBC_Software.elf
 
arm-none-eabi-size   OBC_Software.elf 
arm-none-eabi-objdump -h -S  OBC_Software.elf  > "OBC_Software.list"
   text	   data	    bss	    dec	    hex	filename
  28768	    484	   1852	  31104	   7980	OBC_Software.elf
Finished building: default.size.stdout
 
Finished building: OBC_Software.list
 
16:54:18 **** Incremental Build of configuration Debug for project OBC_Software ****
make -j8 all 
arm-none-eabi-gcc "../Core/Src/main.c" -mcpu=cortex-m4 -std=gnu11 -g3 -DDEBUG -DUSE_HAL_DRIVER -DSTM32L432xx -c -I../Core/Inc -I../Drivers/STM32L4xx_HAL_Driver/Inc -I../Drivers/STM32L4xx_HAL_Driver/Inc/Legacy -I../Drivers/CMSIS/Device/ST/STM32L4xx/Include -I../Drivers/CMSIS/Include -O0 -ffunction-sections -fdata-sections -Wall -fstack-usage -fcyclomatic-complexity -MMD -MP -MF"Core/Src/main.d" -MT"Core/Src/main.o" --specs=nano.specs -mfpu=fpv4-sp-d16 -mfloat-abi=hard -mthumb -o "Core/Src/main.o"
../Core/Src/main.c: In function 'main':
../Core/Src/main.c:106:10: warning: unused variable 'buf' [-Wunused-variable]
  106 |  uint8_t buf[2] = {0x55,0x55};
      |          ^~~
../Core/Src/main.c:104:11: warning: unused variable 'buffer' [-Wunused-variable]
  104 |  uint8_t *buffer=0;
      |           ^~~~~~
arm-none-eabi-g++ -o "OBC_Software.elf" @"objects.list"   -mcpu=cortex-m4 -T"/home/lucas/Documents/stage/flatsat/Software/OBC_L432KC_Software/OBC_Software/STM32L432KCUX_FLASH.ld" --specs=nosys.specs -Wl,-Map="OBC_Software.map" -Wl,--gc-sections -static --specs=nano.specs -mfpu=fpv4-sp-d16 -mfloat-abi=hard -mthumb -u _printf_float -Wl,--start-group -lc -lm -lstdc++ -lsupc++ -Wl,--end-group
Finished building target: OBC_Software.elf
 
arm-none-eabi-size   OBC_Software.elf 
arm-none-eabi-objdump -h -S  OBC_Software.elf  > "OBC_Software.list"
   text	   data	    bss	    dec	    hex	filename
  28768	    484	   1852	  31104	   7980	OBC_Software.elf
Finished building: default.size.stdout
 
Finished building: OBC_Software.list
 
